******************************************************************************
             TMS320C2000 Linker PC v6.4.9                      
******************************************************************************
>> Linked Wed May 06 17:22:19 2026

OUTPUT FILE NAME:   <../Controller_DSP.out>
ENTRY POINT SYMBOL: "_c_int00"  address: 003da8d2


MEMORY CONFIGURATION

         name            origin    length      used     unused   attr    fill
----------------------  --------  ---------  --------  --------  ----  --------
PAGE 0:
  PRAM                  00008000   00006000  0000010f  00005ef1  RWIX
  OTP                   003d7800   000003fa  00000000  000003fa  RWIX
  BEGIN                 003d8000   00000002  00000002  00000000  RWIX
  FLASH                 003d8002   00018ffe  00003482  00015b7c  RWIX
  BEGINFLASH            003f7ff6   00000002  00000000  00000002  RWIX
  CSM_PWL               003f7ff8   00000008  00000000  00000008  RWIX
  FPUTABLES             003fd860   000006a0  00000000  000006a0  RWIX
  IQTABLES              003fdf00   00000b50  00000000  00000b50  RWIX
  IQTABLES2             003fea50   0000008c  00000000  0000008c  RWIX
  IQTABLES3             003feadc   000000aa  00000000  000000aa  RWIX
  BOOTROM               003ff3b0   00000c10  00000000  00000c10  RWIX
  RESET                 003fffc0   00000002  00000000  00000002  RWIX
  VECTORS               003fffc2   0000003e  00000000  0000003e  RWIX

PAGE 1:
  BOOT_RSVD             00000000   00000050  00000000  00000050  RWIX
  RAMM0M1               00000050   000007b0  00000200  000005b0  RWIX
  DEV_EMU               00000880   00000105  00000004  00000101  RWIX
  SYS_PWR_CTL           00000985   00000003  00000003  00000000  RWIX
  FLASH_REGS            00000a80   00000060  00000008  00000058  RWIX
  CSM                   00000ae0   00000020  00000010  00000010  RWIX
  ADC_RESULT            00000b00   00000020  00000010  00000010  RWIX
  CPU_TIMER0            00000c00   00000008  00000008  00000000  RWIX
  CPU_TIMER1            00000c08   00000008  00000008  00000000  RWIX
  CPU_TIMER2            00000c10   00000008  00000008  00000000  RWIX
  PIE_CTRL              00000ce0   00000020  0000001a  00000006  RWIX
  PIE_VECT              00000d00   00000100  00000100  00000000  RWIX
  DMA                   00001000   00000200  000000e0  00000120  RWIX
  CLA1                  00001400   00000080  00000040  00000040  RWIX
  USB0                  00004000   00001000  00000454  00000bac  RWIX
  McBSPA                00005000   00000040  00000024  0000001c  RWIX
  ECANA                 00006000   00000040  00000034  0000000c  RWIX
  ECANA_LAM             00006040   00000040  00000040  00000000  RWIX
  ECANA_MOTS            00006080   00000040  00000040  00000000  RWIX
  ECANA_MOTO            000060c0   00000040  00000040  00000000  RWIX
  ECANA_MBOX            00006100   00000100  00000100  00000000  RWIX
  COMP1                 00006400   00000020  00000014  0000000c  RWIX
  COMP2                 00006420   00000020  00000014  0000000c  RWIX
  COMP3                 00006440   00000020  00000014  0000000c  RWIX
  EPWM1                 00006800   00000040  00000040  00000000  RWIX
  EPWM2                 00006840   00000040  00000040  00000000  RWIX
  EPWM3                 00006880   00000040  00000040  00000000  RWIX
  EPWM4                 000068c0   00000040  00000040  00000000  RWIX
  EPWM5                 00006900   00000040  00000040  00000000  RWIX
  EPWM6                 00006940   00000040  00000040  00000000  RWIX
  EPWM7                 00006980   00000040  00000040  00000000  RWIX
  EPWM8                 000069c0   00000040  00000040  00000000  RWIX
  ECAP1                 00006a00   00000020  00000020  00000000  RWIX
  ECAP2                 00006a20   00000020  00000020  00000000  RWIX
  ECAP3                 00006a40   00000020  00000020  00000000  RWIX
  HRCAP1                00006ac0   00000020  00000020  00000000  RWIX
  HRCAP2                00006ae0   00000020  00000020  00000000  RWIX
  EQEP1                 00006b00   00000040  00000022  0000001e  RWIX
  EQEP2                 00006b40   00000040  00000022  0000001e  RWIX
  HRCAP3                00006c80   00000020  00000020  00000000  RWIX
  HRCAP4                00006ca0   00000020  00000020  00000000  RWIX
  GPIOCTRL              00006f80   00000040  00000040  00000000  RWIX
  GPIODAT               00006fc0   00000020  00000020  00000000  RWIX
  GPIOINT               00006fe0   00000020  00000020  00000000  RWIX
  SYSTEM                00007010   00000030  00000030  00000000  RWIX
  SPIA                  00007040   00000010  00000010  00000000  RWIX
  SCIA                  00007050   00000010  00000010  00000000  RWIX
  NMIINTRUPT            00007060   00000010  00000010  00000000  RWIX
  XINTRUPT              00007070   00000010  00000010  00000000  RWIX
  ADC                   00007100   00000080  00000050  00000030  RWIX
  SPIB                  00007740   00000010  00000010  00000000  RWIX
  SCIB                  00007750   00000010  00000010  00000000  RWIX
  I2CA                  00007900   00000040  00000022  0000001e  RWIX
  DRAM                  0000e000   00006000  000011c6  00004e3a  RWIX
  PARTID                003d7e80   00000001  00000001  00000000  RWIX
  CSM_PWL               003f7ff8   00000008  00000008  00000000  RWIX


SECTION ALLOCATION MAP

 output                                  attributes/
section   page    origin      length       input sections
--------  ----  ----------  ----------   ----------------
codestart 
*          0    003d8000    00000002     
                  003d8000    00000002     F2806x_CodeStartBranch.obj (codestart)

.text      0    003d8002    00002b7a     
                  003d8002    00000a81     MUCI_MonitorCommands.obj (.text)
                  003d8a83    0000078a     MUCI.obj (.text)
                  003d920d    0000076c     Controller_DSP.obj (.text)
                  003d9979    0000039b     F2806x_DefaultIsr.obj (.text:retain)
                  003d9d14    0000023c     F2806x_Adc.obj (.text)
                  003d9f50    000001c0     SPI.obj (.text)
                  003da110    0000018c     F2806x_SysCtrl.obj (.text)
                  003da29c    00000146     inic.obj (.text)
                  003da3e2    000000d2     ert_main.obj (.text)
                  003da4b4    000000c7     MW_c28xx_adc.obj (.text)
                  003da57b    00000089     Amer.obj (.text)
                  003da604    00000088     rts2800_fpu32.lib : fs_div.obj (.text)
                  003da68c    00000081     MUCI_Recorder.obj (.text)
                  003da70d    00000076     F2806x_CpuTimers.obj (.text)
                  003da783    00000061     rts2800_fpu32.lib : cos.obj (.text)
                  003da7e4    00000058                       : sin.obj (.text)
                  003da83c    0000004f     c2806xSchedulerTimer0.obj (.text)
                  003da88b    00000047     CPLDHandler.obj (.text)
                  003da8d2    00000046     rts2800_fpu32.lib : boot.obj (.text)
                  003da918    00000043     c2806xSchedulerTimer0.obj (.text:retain)
                  003da95b    0000003e     MW_c28xx_qep.obj (.text)
                  003da999    00000038     MW_c28xx_board.obj (.text)
                  003da9d1    00000036     MW_c28xx_csl.obj (.text:retain)
                  003daa07    0000002e     MW_c28xx_pwm.obj (.text)
                  003daa35    00000028     F2806x_PieCtrl.obj (.text)
                  003daa5d    00000028     F2806x_PieVect.obj (.text)
                  003daa85    00000021     MW_c28xx_csl.obj (.text)
                  003daaa6    0000001e     rts2800_fpu32.lib : memcpy.obj (.text)
                  003daac4    0000001d     MUCI_CRCGenerator.obj (.text)
                  003daae1    0000001c     rts2800_fpu32.lib : modf.obj (.text)
                  003daafd    0000001b     MUCI_bsp.obj (.text)
                  003dab18    00000019     rts2800_fpu32.lib : args_main.obj (.text)
                  003dab31    00000019                       : exit.obj (.text)
                  003dab4a    00000016     c2806xBoard_Realtime_Support.obj (.text)
                  003dab60    00000009     Term_defs.obj (.text)
                  003dab69    00000009     rts2800_fpu32.lib : _lock.obj (.text)
                  003dab72    00000008     F2806x_CodeStartBranch.obj (.text)
                  003dab7a    00000002     blapp_support.obj (.text)

.econst    0    003dab7c    00000710     
                  003dab7c    000001a4     Term_defs.obj (.econst:_vars_misc)
                  003dad20    0000010e     Term_defs.obj (.econst:_error_descriptor)
                  003dae2e    00000100     MUCI_CRCGenerator.obj (.econst:.string:_MUCI_CRCGenerator_auchCRCHi)
                  003daf2e    00000100     MUCI_CRCGenerator.obj (.econst:.string:_MUCI_CRCGenerator_auchCRCLo)
                  003db02e    00000100     F2806x_PieVect.obj (.econst)
                  003db12e    00000096     Term_defs.obj (.econst:_units)
                  003db1c4    0000005a     Term_defs.obj (.econst:_mainsm_descriptor)
                  003db21e    00000032     Controller_DSP.obj (.econst)
                  003db250    00000018     Controller_DSP_data.obj (.econst)
                  003db268    00000018     Term_defs.obj (.econst)
                  003db280    0000000c     Term_defs.obj (.econst:_tabtitle)

ramfuncs   0    003db28c    0000010f     RUN ADDR = 00008000
                  003db28c    000000f0     MUCI_Recorder.obj (ramfuncs)
                  003db37c    0000001b     F2806x_SysCtrl.obj (ramfuncs)
                  003db397    00000004     F2806x_usDelay.obj (ramfuncs)

.cinit     0    003db39b    0000009d     
                  003db39b    0000004c     Controller_DSP.obj (.cinit)
                  003db3e7    00000019     Term_defs.obj (.cinit)
                  003db400    00000014     ert_main.obj (.cinit)
                  003db414    0000000a     rts2800_fpu32.lib : exit.obj (.cinit)
                  003db41e    00000009     CPLDHandler.obj (.cinit)
                  003db427    00000005     MUCI_Recorder.obj (.cinit)
                  003db42c    00000005     rts2800_fpu32.lib : _lock.obj (.cinit:__lock)
                  003db431    00000005                       : _lock.obj (.cinit:__unlock)
                  003db436    00000002     --HOLE-- [fill = 0]

.switch    0    003db438    0000004c     
                  003db438    0000001a     MUCI_MonitorCommands.obj (.switch:_MUCI_Command_READ_NEW)
                  003db452    0000001a     MUCI_MonitorCommands.obj (.switch:_MUCI_Command_WRITE_NEW)
                  003db46c    00000018     MUCI.obj (.switch:_MUCI_ReceivePacket)

.stack     1    00000050    00000200     UNINITIALIZED
                  00000050    00000200     --HOLE--

DevEmuRegsFile 
*          1    00000880    00000004     UNINITIALIZED
                  00000880    00000004     F2806x_GlobalVariableDefs.obj (DevEmuRegsFile)

SysPwrCtrlRegsFile 
*          1    00000985    00000003     UNINITIALIZED
                  00000985    00000003     F2806x_GlobalVariableDefs.obj (SysPwrCtrlRegsFile)

FlashRegsFile 
*          1    00000a80    00000008     UNINITIALIZED
                  00000a80    00000008     F2806x_GlobalVariableDefs.obj (FlashRegsFile)

CsmRegsFile 
*          1    00000ae0    00000010     UNINITIALIZED
                  00000ae0    00000010     F2806x_GlobalVariableDefs.obj (CsmRegsFile)

AdcResultFile 
*          1    00000b00    00000010     UNINITIALIZED
                  00000b00    00000010     F2806x_GlobalVariableDefs.obj (AdcResultFile)

CpuTimer0RegsFile 
*          1    00000c00    00000008     UNINITIALIZED
                  00000c00    00000008     F2806x_GlobalVariableDefs.obj (CpuTimer0RegsFile)

CpuTimer1RegsFile 
*          1    00000c08    00000008     UNINITIALIZED
                  00000c08    00000008     F2806x_GlobalVariableDefs.obj (CpuTimer1RegsFile)

CpuTimer2RegsFile 
*          1    00000c10    00000008     UNINITIALIZED
                  00000c10    00000008     F2806x_GlobalVariableDefs.obj (CpuTimer2RegsFile)

PieCtrlRegsFile 
*          1    00000ce0    0000001a     UNINITIALIZED
                  00000ce0    0000001a     F2806x_GlobalVariableDefs.obj (PieCtrlRegsFile)

PieVectTableFile 
*          1    00000d00    00000100     UNINITIALIZED
                  00000d00    00000100     F2806x_GlobalVariableDefs.obj (PieVectTableFile)

EmuKeyVar 
*          1    00000d00    00000001     UNINITIALIZED
                  00000d00    00000001     F2806x_GlobalVariableDefs.obj (EmuKeyVar)

EmuBModeVar 
*          1    00000d01    00000001     UNINITIALIZED
                  00000d01    00000001     F2806x_GlobalVariableDefs.obj (EmuBModeVar)

FlashCallbackVar 
*          1    00000d02    00000002     UNINITIALIZED
                  00000d02    00000002     F2806x_GlobalVariableDefs.obj (FlashCallbackVar)

FlashScalingVar 
*          1    00000d04    00000002     UNINITIALIZED
                  00000d04    00000002     F2806x_GlobalVariableDefs.obj (FlashScalingVar)

DmaRegsFile 
*          1    00001000    000000e0     UNINITIALIZED
                  00001000    000000e0     F2806x_GlobalVariableDefs.obj (DmaRegsFile)

Cla1RegsFile 
*          1    00001400    00000040     UNINITIALIZED
                  00001400    00000040     F2806x_GlobalVariableDefs.obj (Cla1RegsFile)

Usb0RegsFile 
*          1    00004000    00000454     UNINITIALIZED
                  00004000    00000454     F2806x_GlobalVariableDefs.obj (Usb0RegsFile)

McbspaRegsFile 
*          1    00005000    00000024     UNINITIALIZED
                  00005000    00000024     F2806x_GlobalVariableDefs.obj (McbspaRegsFile)

ECanaRegsFile 
*          1    00006000    00000034     UNINITIALIZED
                  00006000    00000034     F2806x_GlobalVariableDefs.obj (ECanaRegsFile)

ECanaLAMRegsFile 
*          1    00006040    00000040     UNINITIALIZED
                  00006040    00000040     F2806x_GlobalVariableDefs.obj (ECanaLAMRegsFile)

ECanaMOTSRegsFile 
*          1    00006080    00000040     UNINITIALIZED
                  00006080    00000040     F2806x_GlobalVariableDefs.obj (ECanaMOTSRegsFile)

ECanaMOTORegsFile 
*          1    000060c0    00000040     UNINITIALIZED
                  000060c0    00000040     F2806x_GlobalVariableDefs.obj (ECanaMOTORegsFile)

ECanaMboxesFile 
*          1    00006100    00000100     UNINITIALIZED
                  00006100    00000100     F2806x_GlobalVariableDefs.obj (ECanaMboxesFile)

Comp1RegsFile 
*          1    00006400    00000014     UNINITIALIZED
                  00006400    00000014     F2806x_GlobalVariableDefs.obj (Comp1RegsFile)

Comp2RegsFile 
*          1    00006420    00000014     UNINITIALIZED
                  00006420    00000014     F2806x_GlobalVariableDefs.obj (Comp2RegsFile)

Comp3RegsFile 
*          1    00006440    00000014     UNINITIALIZED
                  00006440    00000014     F2806x_GlobalVariableDefs.obj (Comp3RegsFile)

EPwm1RegsFile 
*          1    00006800    00000040     UNINITIALIZED
                  00006800    00000040     F2806x_GlobalVariableDefs.obj (EPwm1RegsFile)

EPwm2RegsFile 
*          1    00006840    00000040     UNINITIALIZED
                  00006840    00000040     F2806x_GlobalVariableDefs.obj (EPwm2RegsFile)

EPwm3RegsFile 
*          1    00006880    00000040     UNINITIALIZED
                  00006880    00000040     F2806x_GlobalVariableDefs.obj (EPwm3RegsFile)

EPwm4RegsFile 
*          1    000068c0    00000040     UNINITIALIZED
                  000068c0    00000040     F2806x_GlobalVariableDefs.obj (EPwm4RegsFile)

EPwm5RegsFile 
*          1    00006900    00000040     UNINITIALIZED
                  00006900    00000040     F2806x_GlobalVariableDefs.obj (EPwm5RegsFile)

EPwm6RegsFile 
*          1    00006940    00000040     UNINITIALIZED
                  00006940    00000040     F2806x_GlobalVariableDefs.obj (EPwm6RegsFile)

EPwm7RegsFile 
*          1    00006980    00000040     UNINITIALIZED
                  00006980    00000040     F2806x_GlobalVariableDefs.obj (EPwm7RegsFile)

EPwm8RegsFile 
*          1    000069c0    00000040     UNINITIALIZED
                  000069c0    00000040     F2806x_GlobalVariableDefs.obj (EPwm8RegsFile)

ECap1RegsFile 
*          1    00006a00    00000020     UNINITIALIZED
                  00006a00    00000020     F2806x_GlobalVariableDefs.obj (ECap1RegsFile)

ECap2RegsFile 
*          1    00006a20    00000020     UNINITIALIZED
                  00006a20    00000020     F2806x_GlobalVariableDefs.obj (ECap2RegsFile)

ECap3RegsFile 
*          1    00006a40    00000020     UNINITIALIZED
                  00006a40    00000020     F2806x_GlobalVariableDefs.obj (ECap3RegsFile)

HRCap1RegsFile 
*          1    00006ac0    00000020     UNINITIALIZED
                  00006ac0    00000020     F2806x_GlobalVariableDefs.obj (HRCap1RegsFile)

HRCap2RegsFile 
*          1    00006ae0    00000020     UNINITIALIZED
                  00006ae0    00000020     F2806x_GlobalVariableDefs.obj (HRCap2RegsFile)

EQep1RegsFile 
*          1    00006b00    00000022     UNINITIALIZED
                  00006b00    00000022     F2806x_GlobalVariableDefs.obj (EQep1RegsFile)

EQep2RegsFile 
*          1    00006b40    00000022     UNINITIALIZED
                  00006b40    00000022     F2806x_GlobalVariableDefs.obj (EQep2RegsFile)

HRCap3RegsFile 
*          1    00006c80    00000020     UNINITIALIZED
                  00006c80    00000020     F2806x_GlobalVariableDefs.obj (HRCap3RegsFile)

HRCap4RegsFile 
*          1    00006ca0    00000020     UNINITIALIZED
                  00006ca0    00000020     F2806x_GlobalVariableDefs.obj (HRCap4RegsFile)

GpioCtrlRegsFile 
*          1    00006f80    00000040     UNINITIALIZED
                  00006f80    00000040     F2806x_GlobalVariableDefs.obj (GpioCtrlRegsFile)

GpioDataRegsFile 
*          1    00006fc0    00000020     UNINITIALIZED
                  00006fc0    00000020     F2806x_GlobalVariableDefs.obj (GpioDataRegsFile)

GpioIntRegsFile 
*          1    00006fe0    00000020     UNINITIALIZED
                  00006fe0    00000020     F2806x_GlobalVariableDefs.obj (GpioIntRegsFile)

SysCtrlRegsFile 
*          1    00007010    00000030     UNINITIALIZED
                  00007010    00000030     F2806x_GlobalVariableDefs.obj (SysCtrlRegsFile)

SpiaRegsFile 
*          1    00007040    00000010     UNINITIALIZED
                  00007040    00000010     F2806x_GlobalVariableDefs.obj (SpiaRegsFile)

SciaRegsFile 
*          1    00007050    00000010     UNINITIALIZED
                  00007050    00000010     F2806x_GlobalVariableDefs.obj (SciaRegsFile)

NmiIntruptRegsFile 
*          1    00007060    00000010     UNINITIALIZED
                  00007060    00000010     F2806x_GlobalVariableDefs.obj (NmiIntruptRegsFile)

XIntruptRegsFile 
*          1    00007070    00000010     UNINITIALIZED
                  00007070    00000010     F2806x_GlobalVariableDefs.obj (XIntruptRegsFile)

AdcRegsFile 
*          1    00007100    00000050     UNINITIALIZED
                  00007100    00000050     F2806x_GlobalVariableDefs.obj (AdcRegsFile)

SpibRegsFile 
*          1    00007740    00000010     UNINITIALIZED
                  00007740    00000010     F2806x_GlobalVariableDefs.obj (SpibRegsFile)

ScibRegsFile 
*          1    00007750    00000010     UNINITIALIZED
                  00007750    00000010     F2806x_GlobalVariableDefs.obj (ScibRegsFile)

I2caRegsFile 
*          1    00007900    00000022     UNINITIALIZED
                  00007900    00000022     F2806x_GlobalVariableDefs.obj (I2caRegsFile)

.bss       1    0000e000    00000000     UNINITIALIZED

.ebss      1    0000e000    000011c6     UNINITIALIZED
                  0000e000    00000889     Amer.obj (.ebss)
                  0000e889    00000001     --HOLE--
                  0000e88a    00000018     F2806x_CpuTimers.obj (.ebss)
                  0000e8a2    00000018     Term_defs.obj (.ebss)
                  0000e8ba    00000004     MUCI_MonitorCommands.obj (.ebss)
                  0000e8be    00000002     SPI.obj (.ebss)
                  0000e8c0    00000840     MUCI_Recorder.obj (.ebss)
                  0000f100    0000009e     Controller_DSP.obj (.ebss)
                  0000f19e    0000000e     CPLDHandler.obj (.ebss)
                  0000f1ac    00000008     MUCI.obj (.ebss)
                  0000f1b4    00000008     ert_main.obj (.ebss)
                  0000f1bc    00000004     rts2800_fpu32.lib : exit.obj (.ebss)
                  0000f1c0    00000002                       : _lock.obj (.ebss:__lock)
                  0000f1c2    00000002                       : _lock.obj (.ebss:__unlock)
                  0000f1c4    00000002     inic.obj (.ebss)

.data      1    0000e000    00000000     UNINITIALIZED

PartIdRegsFile 
*          1    003d7e80    00000001     UNINITIALIZED
                  003d7e80    00000001     F2806x_GlobalVariableDefs.obj (PartIdRegsFile)

CsmPwlFile 
*          1    003f7ff8    00000008     UNINITIALIZED
                  003f7ff8    00000008     F2806x_GlobalVariableDefs.obj (CsmPwlFile)

.pinit     0    003d8002    00000000     UNINITIALIZED

.reset     0    003fffc0    00000002     DSECT
                  003fffc0    00000002     rts2800_fpu32.lib : boot.obj (.reset)


GLOBAL DATA SYMBOLS: SORTED BY DATA PAGE

address     data page           name
--------    ----------------    ----
00000050       1 (00000040)     __stack

00000880      22 (00000880)     _DevEmuRegs

00000985      26 (00000980)     _SysPwrCtrlRegs

00000a80      2a (00000a80)     _FlashRegs

00000ae0      2b (00000ac0)     _CsmRegs

00000b00      2c (00000b00)     _AdcResult

00000c00      30 (00000c00)     _CpuTimer0Regs
00000c08      30 (00000c00)     _CpuTimer1Regs
00000c10      30 (00000c00)     _CpuTimer2Regs

00000ce0      33 (00000cc0)     _PieCtrlRegs

00000d00      34 (00000d00)     _EmuKey
00000d00      34 (00000d00)     _PieVectTable
00000d01      34 (00000d00)     _EmuBMode
00000d02      34 (00000d00)     _Flash_CallbackPtr
00000d04      34 (00000d00)     _Flash_CPUScaleFactor

00001000      40 (00001000)     _DmaRegs

00001400      50 (00001400)     _Cla1Regs

00004000     100 (00004000)     _Usb0Regs

00005000     140 (00005000)     _McbspaRegs

00006000     180 (00006000)     _ECanaRegs

00006040     181 (00006040)     _ECanaLAMRegs

00006080     182 (00006080)     _ECanaMOTSRegs

000060c0     183 (000060c0)     _ECanaMOTORegs

00006100     184 (00006100)     _ECanaMboxes

00006400     190 (00006400)     _Comp1Regs
00006420     190 (00006400)     _Comp2Regs

00006440     191 (00006440)     _Comp3Regs

00006800     1a0 (00006800)     _EPwm1Regs

00006840     1a1 (00006840)     _EPwm2Regs

00006880     1a2 (00006880)     _EPwm3Regs

000068c0     1a3 (000068c0)     _EPwm4Regs

00006900     1a4 (00006900)     _EPwm5Regs

00006940     1a5 (00006940)     _EPwm6Regs

00006980     1a6 (00006980)     _EPwm7Regs

000069c0     1a7 (000069c0)     _EPwm8Regs

00006a00     1a8 (00006a00)     _ECap1Regs
00006a20     1a8 (00006a00)     _ECap2Regs

00006a40     1a9 (00006a40)     _ECap3Regs

00006ac0     1ab (00006ac0)     _HRCap1Regs
00006ae0     1ab (00006ac0)     _HRCap2Regs

00006b00     1ac (00006b00)     _EQep1Regs

00006b40     1ad (00006b40)     _EQep2Regs

00006c80     1b2 (00006c80)     _HRCap3Regs
00006ca0     1b2 (00006c80)     _HRCap4Regs

00006f80     1be (00006f80)     _GpioCtrlRegs

00006fc0     1bf (00006fc0)     _GpioDataRegs
00006fe0     1bf (00006fc0)     _GpioIntRegs

00007010     1c0 (00007000)     _SysCtrlRegs

00007040     1c1 (00007040)     _SpiaRegs
00007050     1c1 (00007040)     _SciaRegs
00007060     1c1 (00007040)     _NmiIntruptRegs
00007070     1c1 (00007040)     _XIntruptRegs

00007100     1c4 (00007100)     _AdcRegs

00007740     1dd (00007740)     _SpibRegs
00007750     1dd (00007740)     _ScibRegs

00007900     1e4 (00007900)     _I2caRegs

0000e000     380 (0000e000)     _MUCI_Data
0000e002     380 (0000e000)     _MUCI_DataCount

0000e040     381 (0000e040)     _Send_Packet

0000e480     392 (0000e480)     _Rec_Packet

0000e88a     3a2 (0000e880)     _CpuTimer1
0000e892     3a2 (0000e880)     _CpuTimer2
0000e89a     3a2 (0000e880)     _CpuTimer0
0000e8a2     3a2 (0000e880)     _save_var
0000e8a3     3a2 (0000e880)     _load_defv
0000e8a4     3a2 (0000e880)     _set_datetm
0000e8a5     3a2 (0000e880)     _len_mainsm_descriptor
0000e8a6     3a2 (0000e880)     _tabsize
0000e8a7     3a2 (0000e880)     _len_error_descriptor
0000e8a8     3a2 (0000e880)     _c_time
0000e8aa     3a2 (0000e880)     _c_date
0000e8ac     3a2 (0000e880)     _s_date
0000e8ae     3a2 (0000e880)     _tabptr
0000e8b0     3a2 (0000e880)     _BuildTime
0000e8b2     3a2 (0000e880)     _f_samp
0000e8b4     3a2 (0000e880)     _s_time
0000e8b6     3a2 (0000e880)     _BuildDate
0000e8b8     3a2 (0000e880)     _serial_nr
0000e8ba     3a2 (0000e880)     _API_start_address
0000e8bc     3a2 (0000e880)     _copy_start_address
0000e8be     3a2 (0000e880)     _SPIin
0000e8bf     3a2 (0000e880)     _SPIout

0000e8c0     3a3 (0000e8c0)     _FieldWatchError
0000e8c2     3a3 (0000e8c0)     _MUCI_RecorderLength
0000e8c4     3a3 (0000e8c0)     _MUCI_RecorderParameter

0000e900     3a4 (0000e900)     _MUCI_RecorderData

0000f100     3c4 (0000f100)     _CPLDOutBits
0000f101     3c4 (0000f100)     _cnt_100ms
0000f102     3c4 (0000f100)     _Encoder
0000f103     3c4 (0000f100)     _Status
0000f104     3c4 (0000f100)     _AdcStart
0000f105     3c4 (0000f100)     _AdcStop
0000f106     3c4 (0000f100)     _Start
0000f107     3c4 (0000f100)     _delay
0000f108     3c4 (0000f100)     _cnt_1s
0000f109     3c4 (0000f100)     _ctrl_mode
0000f10c     3c4 (0000f100)     _Speed_Kp
0000f10e     3c4 (0000f100)     _Speed_Ki
0000f110     3c4 (0000f100)     _modulation_limit
0000f112     3c4 (0000f100)     _Udc_min
0000f114     3c4 (0000f100)     _Iq_Kp
0000f116     3c4 (0000f100)     _Iq_Ki
0000f118     3c4 (0000f100)     _Speed_Iq_limit
0000f11a     3c4 (0000f100)     _speed_ref
0000f11c     3c4 (0000f100)     _Iq_ref
0000f11e     3c4 (0000f100)     _Id_Kp
0000f120     3c4 (0000f100)     _Id_ref
0000f122     3c4 (0000f100)     _Id_Ki
0000f124     3c4 (0000f100)     _CPLDIn
0000f12d     3c4 (0000f100)     _CPLDOut

0000f140     3c5 (0000f140)     _Controller_DSP_M_
0000f150     3c5 (0000f140)     _Controller_DSP_B
0000f166     3c5 (0000f140)     _AnalogChA

0000f180     3c6 (0000f180)     _Controller_DSP_DW
0000f19e     3c6 (0000f180)     _Bridge3_Fault
0000f19f     3c6 (0000f180)     _Bridge2_Fault
0000f1a0     3c6 (0000f180)     _cpld_cnt
0000f1a1     3c6 (0000f180)     _Bridge4_Fault
0000f1a2     3c6 (0000f180)     _CPLDOutput
0000f1a3     3c6 (0000f180)     _Bridge1_Fault
0000f1a4     3c6 (0000f180)     _CPLDInput
0000f1a6     3c6 (0000f180)     _CPLDSPI
0000f1ac     3c6 (0000f180)     _MUCI_Config
0000f1ae     3c6 (0000f180)     _MUCI_Counters
0000f1b4     3c6 (0000f180)     _IsrOverrun
0000f1b5     3c6 (0000f180)     _stopRequested
0000f1b6     3c6 (0000f180)     _isRateRunning
0000f1b9     3c6 (0000f180)     _need2runFlags
0000f1bc     3c6 (0000f180)     ___TI_cleanup_ptr
0000f1be     3c6 (0000f180)     ___TI_dtors_ptr

0000f1c0     3c7 (0000f1c0)     __lock
0000f1c2     3c7 (0000f1c0)     __unlock
0000f1c4     3c7 (0000f1c0)     _sci_ptr_terminal

003d7e80    f5fa (003d7e80)     _PartIdRegs

003dab7c    f6ad (003dab40)     _vars_misc

003dad20    f6b4 (003dad00)     _error_descriptor

003db02e    f6c0 (003db000)     _PieVectTableInit

003db12e    f6c4 (003db100)     _units

003db1c4    f6c7 (003db1c0)     _mainsm_descriptor

003db21e    f6c8 (003db200)     _Controller_DSP_M
003db220    f6c8 (003db200)     _Controller_DSP_rtZCPLDInput_t
003db229    f6c8 (003db200)     _Controller_DSP_rtZCPLDOutput_t
003db238    f6c8 (003db200)     _Controller_DSP_rtZMeas_t

003db250    f6c9 (003db240)     _Controller_DSP_ConstP
003db268    f6c9 (003db240)     _min_set_datetm
003db269    f6c9 (003db240)     _max_save_var
003db26a    f6c9 (003db240)     _max_set_datetm
003db26b    f6c9 (003db240)     _max_load_defv
003db26c    f6c9 (003db240)     _min_load_defv
003db26d    f6c9 (003db240)     _min_save_var
003db26e    f6c9 (003db240)     _dev_mode
003db26f    f6c9 (003db240)     _noofBBXch
003db270    f6c9 (003db240)     _en_fl_bbx
003db271    f6c9 (003db240)     _nr_tabs
003db272    f6c9 (003db240)     _mon_ver
003db274    f6c9 (003db240)     _Consy
003db276    f6c9 (003db240)     _max_s_date
003db278    f6c9 (003db240)     _min_s_time
003db27a    f6c9 (003db240)     _len_ehist
003db27c    f6c9 (003db240)     _min_s_date
003db27e    f6c9 (003db240)     _max_s_time

003db280    f6ca (003db280)     _tabtitle

003f7ff8    fdff (003f7fc0)     _CsmPwl


GLOBAL SYMBOLS: SORTED ALPHABETICALLY BY Name 

page  address   name                                    
----  -------   ----                                    
1     0000e000  .bss                                    
1     0000e000  .data                                   
0     003d8002  .text                                   
0     003dab31  C$$EXIT                                 
0     003da604  FS$$DIV                                 
0     003d9a37  _ADCINT1_ISR                            
0     003da9d1  _ADCINT1_isr                            
0     003d9a41  _ADCINT2_ISR                            
0     003d9c49  _ADCINT3_ISR                            
0     003d9c53  _ADCINT4_ISR                            
0     003d9c5d  _ADCINT5_ISR                            
0     003d9c67  _ADCINT6_ISR                            
0     003d9c71  _ADCINT7_ISR                            
0     003d9c7b  _ADCINT8_ISR                            
0     003d9a5f  _ADCINT9_ISR                            
0     003da57b  _AMER_init                              
0     003da600  _AMER_task_1ms                          
0     003da603  _AMER_task_1s                           
0     003da5fd  _AMER_task_adc                          
0     003da592  _AMER_task_background                   
1     0000e8ba  _API_start_address                      
0     003d9d88  _AdcChanSelect                          
0     003d9dfd  _AdcConversion                          
0     003d9d61  _AdcOffsetSelfCal                       
1     00007100  _AdcRegs                                
1     00000b00  _AdcResult                              
1     0000f104  _AdcStart                               
1     0000f105  _AdcStop                                
0     003d817f  _AddressFUBU                            
1     0000f166  _AnalogChA                              
1     0000f1a3  _Bridge1_Fault                          
1     0000f19f  _Bridge2_Fault                          
1     0000f19e  _Bridge3_Fault                          
1     0000f1a1  _Bridge4_Fault                          
1     0000e8b6  _BuildDate                              
1     0000e8b0  _BuildTime                              
0     003d9c85  _CLA1_INT1_ISR                          
0     003d9c8f  _CLA1_INT2_ISR                          
0     003d9c99  _CLA1_INT3_ISR                          
0     003d9ca3  _CLA1_INT4_ISR                          
0     003d9cad  _CLA1_INT5_ISR                          
0     003d9cb7  _CLA1_INT6_ISR                          
0     003d9cc1  _CLA1_INT7_ISR                          
0     003d9ccb  _CLA1_INT8_ISR                          
1     0000f124  _CPLDIn                                 
1     0000f1a4  _CPLDInput                              
1     0000f12d  _CPLDOut                                
1     0000f100  _CPLDOutBits                            
1     0000f1a2  _CPLDOutput                             
1     0000f1a6  _CPLDSPI                                
0     003da89e  _CPLD_DataExchange                      
0     003da88b  _CPLD_Init                              
0     00008000  _CalcTrigValueGreater                   
1     00001400  _Cla1Regs                               
1     00006400  _Comp1Regs                              
1     00006420  _Comp2Regs                              
1     00006440  _Comp3Regs                              
0     003da748  _ConfigCpuTimer                         
0     003db274  _Consy                                  
1     0000f150  _Controller_DSP_B                       
0     003db250  _Controller_DSP_ConstP                  
1     0000f180  _Controller_DSP_DW                      
0     003db21e  _Controller_DSP_M                       
1     0000f140  _Controller_DSP_M_                      
0     003d950b  _Controller_DSP_SetEventsForThisBaseStep
0     003d974c  _Controller_DSP_initialize              
0     003db220  _Controller_DSP_rtZCPLDInput_t          
0     003db229  _Controller_DSP_rtZCPLDOutput_t         
0     003db238  _Controller_DSP_rtZMeas_t               
0     003d9546  _Controller_DSP_step0                   
0     003d972e  _Controller_DSP_step1                   
0     003d9739  _Controller_DSP_step2                   
0     003d9978  _Controller_DSP_terminate               
1     0000e89a  _CpuTimer0                              
1     00000c00  _CpuTimer0Regs                          
1     0000e88a  _CpuTimer1                              
1     00000c08  _CpuTimer1Regs                          
1     0000e892  _CpuTimer2                              
1     00000c10  _CpuTimer2Regs                          
1     003f7ff8  _CsmPwl                                 
1     00000ae0  _CsmRegs                                
0     003da215  _CsmUnlock                              
0     003d998d  _DATALOG_ISR                            
0     003d9bbd  _DINTCH1_ISR                            
0     003d9bc7  _DINTCH2_ISR                            
0     003d9bd1  _DINTCH3_ISR                            
0     003d9bdb  _DINTCH4_ISR                            
0     003d9be5  _DINTCH5_ISR                            
0     003d9bef  _DINTCH6_ISR                            
0     0000810b  _DSP28x_usDelay                         
1     00000880  _DevEmuRegs                             
0     003da29c  _DeviceInit                             
0     003da134  _DisableDog                             
1     00001000  _DmaRegs                                
0     003d9c35  _ECAN0INTA_ISR                          
0     003d9c3f  _ECAN1INTA_ISR                          
0     003d9b1d  _ECAP1_INT_ISR                          
0     003d9b27  _ECAP2_INT_ISR                          
0     003d9b31  _ECAP3_INT_ISR                          
1     00006040  _ECanaLAMRegs                           
1     000060c0  _ECanaMOTORegs                          
1     00006080  _ECanaMOTSRegs                          
1     00006100  _ECanaMboxes                            
1     00006000  _ECanaRegs                              
1     00006a00  _ECap1Regs                              
1     00006a20  _ECap2Regs                              
1     00006a40  _ECap3Regs                              
0     003d9cf3  _EMPTY_ISR                              
0     003d99a1  _EMUINT_ISR                             
0     003d9acd  _EPWM1_INT_ISR                          
0     003d9a7d  _EPWM1_TZINT_ISR                        
0     003d9ad7  _EPWM2_INT_ISR                          
0     003d9a87  _EPWM2_TZINT_ISR                        
0     003d9ae1  _EPWM3_INT_ISR                          
0     003d9a91  _EPWM3_TZINT_ISR                        
0     003d9aeb  _EPWM4_INT_ISR                          
0     003d9a9b  _EPWM4_TZINT_ISR                        
0     003d9af5  _EPWM5_INT_ISR                          
0     003d9aa5  _EPWM5_TZINT_ISR                        
0     003d9aff  _EPWM6_INT_ISR                          
0     003d9aaf  _EPWM6_TZINT_ISR                        
0     003d9b09  _EPWM7_INT_ISR                          
0     003d9ab9  _EPWM7_TZINT_ISR                        
0     003d9b13  _EPWM8_INT_ISR                          
0     003d9ac3  _EPWM8_TZINT_ISR                        
1     00006800  _EPwm1Regs                              
1     00006840  _EPwm2Regs                              
1     00006880  _EPwm3Regs                              
1     000068c0  _EPwm4Regs                              
1     00006900  _EPwm5Regs                              
1     00006940  _EPwm6Regs                              
1     00006980  _EPwm7Regs                              
1     000069c0  _EPwm8Regs                              
0     003d9b4f  _EQEP1_INT_ISR                          
0     003d9b59  _EQEP2_INT_ISR                          
1     00006b00  _EQep1Regs                              
1     00006b40  _EQep2Regs                              
1     00000d01  _EmuBMode                               
1     00000d00  _EmuKey                                 
0     003daa54  _EnableInterrupts                       
1     0000f102  _Encoder                                
0     003da286  _ExtOscSel                              
1     0000e8c0  _FieldWatchError                        
1     00000a80  _FlashRegs                              
1     00000d04  _Flash_CPUScaleFactor                   
1     00000d02  _Flash_CallbackPtr                      
1     00006f80  _GpioCtrlRegs                           
1     00006fc0  _GpioDataRegs                           
1     00006fe0  _GpioIntRegs                            
0     003d9b3b  _HRCAP1_INT_ISR                         
0     003d9b45  _HRCAP2_INT_ISR                         
0     003d9b63  _HRCAP3_INT_ISR                         
0     003d9b6d  _HRCAP4_INT_ISR                         
1     00006ac0  _HRCap1Regs                             
1     00006ae0  _HRCap2Regs                             
1     00006c80  _HRCap3Regs                             
1     00006ca0  _HRCap4Regs                             
0     003d9bf9  _I2CINT1A_ISR                           
0     003d9c03  _I2CINT2A_ISR                           
1     00007900  _I2caRegs                               
0     003d99b5  _ILLEGAL_ISR                            
0     003d9979  _INT13_ISR                              
0     003d9983  _INT14_ISR                              
1     0000f122  _Id_Ki                                  
1     0000f11e  _Id_Kp                                  
1     0000f120  _Id_ref                                 
0     003d9d14  _InitAdc                                
0     003d9d3f  _InitAdcAio                             
0     003da70d  _InitCpuTimers                          
0     000080f0  _InitFlash                              
0     003da1bf  _InitPeripheralClocks                   
0     003daa35  _InitPieCtrl                            
0     003daa5d  _InitPieVectTable                       
0     003da13c  _InitPll                                
0     003da191  _InitPll2                               
0     003da110  _InitSysCtrl                            
0     003dab60  _InitTermVars                           
0     003da246  _IntOsc1Sel                             
0     003da256  _IntOsc2Sel                             
1     0000f116  _Iq_Ki                                  
1     0000f114  _Iq_Kp                                  
1     0000f11c  _Iq_ref                                 
1     0000f1b4  _IsrOverrun                             
0     003d9ce9  _LUF_ISR                                
0     003d9cdf  _LVF_ISR                                
0     003d9ba9  _MRINTA_ISR                             
0     003daac4  _MUCI_CalcCheckSum                      
0     003d8971  _MUCI_Command_BOOT_CLEAR_SECTOR         
0     003d89c8  _MUCI_Command_BOOT_PROGRAM_FLASH        
0     003d8a27  _MUCI_Command_BOOT_READ_FLASH           
0     003d87e2  _MUCI_Command_BOOT_SEND_API             
0     003d8002  _MUCI_Command_GET_PROTOCOL_VERSION      
0     003d883c  _MUCI_Command_MUCI_READ_BBX             
0     003d803e  _MUCI_Command_PING                      
0     003d8184  _MUCI_Command_READ                      
0     003d83f5  _MUCI_Command_READ_MON_TABS             
0     003d8082  _MUCI_Command_READ_NEW                  
0     003d83a1  _MUCI_Command_READ_TABNAMES             
0     003d86e6  _MUCI_Command_READ_TABVALUES            
0     003d8692  _MUCI_Command_READ_UNITS                
0     003d87ae  _MUCI_Command_REBOOT                    
0     003d82c4  _MUCI_Command_WRITE                     
0     003d8100  _MUCI_Command_WRITE_NEW                 
1     0000f1ac  _MUCI_Config                            
1     0000f1ae  _MUCI_Counters                          
1     0000e000  _MUCI_Data                              
1     0000e002  _MUCI_DataCount                         
0     003d8f4e  _MUCI_GetApplicationState               
0     003d8f43  _MUCI_GetDeviceAddress                  
0     003d8fe0  _MUCI_Get_uint16_MessageData            
0     003d906d  _MUCI_Get_uint32_MessageData            
0     003d9157  _MUCI_Get_uint64_MessageData            
0     003d8f7d  _MUCI_Get_uint8_MessageData             
0     003d8f27  _MUCI_NeedDataDLE                       
0     003d8d33  _MUCI_PacketRouterNoMoreRoute           
0     003d8d0a  _MUCI_PacketRouterReceive               
0     003d8cd5  _MUCI_PacketRouterSend                  
0     003d8bf3  _MUCI_ProcessPacket                     
0     003d8fa9  _MUCI_Push_uint16_MessageData           
0     003d9012  _MUCI_Push_uint32_MessageData           
0     003d90bb  _MUCI_Push_uint64_MessageData           
0     003d8f52  _MUCI_Push_uint8_MessageData            
0     003d8a83  _MUCI_ReceivePacket                     
1     0000e900  _MUCI_RecorderData                      
1     0000e8c2  _MUCI_RecorderLength                    
1     0000e8c4  _MUCI_RecorderParameter                 
0     003da6f2  _MUCI_Recorder_Background               
0     003da6d8  _MUCI_Recorder_Init                     
0     00008075  _MUCI_Recorder_Trigger                  
0     003d8d47  _MUCI_SendPacket                        
0     003d8f47  _MUCI_SetApplicationState               
0     003d8f3c  _MUCI_SetDeviceAddress                  
0     003dab04  _MUCI_bsp_CLEAR_FLASH_SECTOR            
0     003dab0a  _MUCI_bsp_PROGRAM_FLASH                 
0     003dab11  _MUCI_bsp_READ_FLASH                    
0     003daafd  _MUCI_bsp_Reboot                        
0     003d9bb3  _MXINTA_ISR                             
1     00005000  _McbspaRegs                             
0     003d99ab  _NMI_ISR                                
1     00007060  _NmiIntruptRegs                         
0     003d9d00  _PIE_RESERVED                           
1     003d7e80  _PartIdRegs                             
1     00000ce0  _PieCtrlRegs                            
1     00000d00  _PieVectTable                           
0     003db02e  _PieVectTableInit                       
0     003d9997  _RTOSINT_ISR                            
0     003db39b  _RamfuncsLoadEnd                        
0     003db28c  _RamfuncsLoadStart                      
0     00008000  _RamfuncsRunStart                       
1     0000e480  _Rec_Packet                             
0     003d9c0d  _SCIRXINTA_ISR                          
0     003d9c21  _SCIRXINTB_ISR                          
0     003d9c17  _SCITXINTA_ISR                          
0     003d9c2b  _SCITXINTB_ISR                          
0     003d9b81  _SPIRXINTA_ISR                          
0     003d9b95  _SPIRXINTB_ISR                          
0     003d9b8b  _SPITXINTA_ISR                          
0     003d9b9f  _SPITXINTB_ISR                          
0     003d9fd0  _SPI_CS_Assert                          
0     003d9f64  _SPI_Init                               
0     003d9f50  _SPI_Init_Clocks                        
0     003d9f57  _SPI_Init_GPIOs                         
0     003da0bc  _SPI_Receive_16bit                      
0     003da0c4  _SPI_Receive_32bit                      
0     003da0a2  _SPI_Receive_8bit                       
0     003d9fe9  _SPI_Set_CLKMode                        
0     003da022  _SPI_Set_DataLength                     
0     003da040  _SPI_Set_Speed                          
0     003da0ed  _SPI_TransmitReceive_16bit              
0     003da070  _SPI_Transmit_16bit                     
0     003da086  _SPI_Transmit_32bit                     
0     003da05a  _SPI_Transmit_8bit                      
1     0000e8be  _SPIin                                  
1     0000e8bf  _SPIout                                 
1     00007050  _SciaRegs                               
1     00007750  _ScibRegs                               
1     0000e040  _Send_Packet                            
0     003da12a  _ServiceDog                             
0     003da36d  _SetSCITMSmon                           
1     0000f118  _Speed_Iq_limit                         
1     0000f10e  _Speed_Ki                               
1     0000f10c  _Speed_Kp                               
1     00007040  _SpiaRegs                               
1     00007740  _SpibRegs                               
1     0000f106  _Start                                  
1     0000f103  _Status                                 
1     00007010  _SysCtrlRegs                            
1     00000985  _SysPwrCtrlRegs                         
0     003d9a69  _TINT0_ISR                              
0     003da918  _TINT0_isr                              
0     003d9b77  _USB0_INT_ISR                           
0     003d9a19  _USER10_ISR                             
0     003d9a23  _USER11_ISR                             
0     003d9a2d  _USER12_ISR                             
0     003d99bf  _USER1_ISR                              
0     003d99c9  _USER2_ISR                              
0     003d99d3  _USER3_ISR                              
0     003d99dd  _USER4_ISR                              
0     003d99e7  _USER5_ISR                              
0     003d99f1  _USER6_ISR                              
0     003d99fb  _USER7_ISR                              
0     003d9a05  _USER8_ISR                              
0     003d9a0f  _USER9_ISR                              
1     0000f112  _Udc_min                                
1     00004000  _Usb0Regs                               
0     003d9a73  _WAKEINT_ISR                            
0     003d9a4b  _XINT1_ISR                              
0     003d9a55  _XINT2_ISR                              
0     003d9cd5  _XINT3_ISR                              
1     00007070  _XIntruptRegs                           
0     003da26a  _XtalOscSel                             
1     00000250  __STACK_END                             
abs   00000200  __STACK_SIZE                            
1     0000f1bc  ___TI_cleanup_ptr                       
1     0000f1be  ___TI_dtors_ptr                         
abs   ffffffff  ___binit__                              
1     0000e000  ___bss__                                
abs   ffffffff  ___c_args__                             
0     003db39b  ___cinit__                              
1     0000e000  ___data__                               
1     0000e000  ___edata__                              
1     0000e000  ___end__                                
0     003dab7c  ___etext__                              
abs   ffffffff  ___pinit__                              
0     003d8002  ___text__                               
0     003dab18  __args_main                             
1     0000f1c0  __lock                                  
0     003dab71  __nop                                   
0     003dab6d  __register_lock                         
0     003dab69  __register_unlock                       
1     00000050  __stack                                 
1     0000f1c2  __unlock                                
0     003dab31  _abort                                  
0     003dab7a  _bootloaderBackgroundTask               
0     003dab7b  _bootloaderInit                         
0     003dab51  _c2000_flash_init                       
1     0000e8aa  _c_date                                 
0     003da8d2  _c_int00                                
1     0000e8a8  _c_time                                 
1     0000f101  _cnt_100ms                              
1     0000f108  _cnt_1s                                 
0     003da4b4  _config_ADC_SOC0                        
0     003da4e2  _config_ADC_SOC1                        
0     003da512  _config_ADC_SOC2                        
0     003da54a  _config_ADC_SOC3                        
0     003da95b  _config_QEP_eQEP2                       
0     003daa07  _config_ePWM_GPIO                       
0     003daaa4  _configureGPIOExtInterrupt              
0     003da83c  _configureTimer0                        
1     0000e8bc  _copy_start_address                     
0     003da783  _cos                                    
1     0000f1a0  _cpld_cnt                               
1     0000f109  _ctrl_mode                              
1     0000f107  _delay                                  
0     003db26e  _dev_mode                               
0     003da87d  _disableTimer0Interrupt                 
0     003daa85  _disableWatchdog                        
0     003db270  _en_fl_bbx                              
0     003daaa5  _enableExtInterrupt                     
0     003da875  _enableTimer0Interrupt                  
0     003daa93  _enable_interrupts                      
0     003dad20  _error_descriptor                       
0     003dab33  _exit                                   
1     0000e8b2  _f_samp                                 
0     003dab4e  _globalInterruptDisable                 
0     003dab4a  _globalInterruptEnable                  
0     003d9508  _idle_num1_task_fcn                     
0     003daa90  _idletask_num1                          
0     003da999  _init_board                             
1     0000f1b6  _isRateRunning                          
0     003d9227  _isr_int1pie1_task_fcn                  
0     003db27a  _len_ehist                              
1     0000e8a7  _len_error_descriptor                   
1     0000e8a5  _len_mainsm_descriptor                  
1     0000e8a3  _load_defv                              
0     003da463  _main                                   
0     003db1c4  _mainsm_descriptor                      
0     003db26b  _max_load_defv                          
0     003db276  _max_s_date                             
0     003db27e  _max_s_time                             
0     003db269  _max_save_var                           
0     003db26a  _max_set_datetm                         
0     003daaa6  _memcpy                                 
0     003db26c  _min_load_defv                          
0     003db27c  _min_s_date                             
0     003db278  _min_s_time                             
0     003db26d  _min_save_var                           
0     003db268  _min_set_datetm                         
0     003daae1  _modf                                   
1     0000f110  _modulation_limit                       
0     003db272  _mon_ver                                
1     0000f1b9  _need2runFlags                          
0     003db26f  _noofBBXch                              
0     003db271  _nr_tabs                                
0     003d9d0a  _rsvd_ISR                               
0     003da3e2  _rt_OneStep                             
1     0000e8ac  _s_date                                 
1     0000e8b4  _s_time                                 
1     0000e8a2  _save_var                               
1     0000f1c4  _sci_ptr_terminal                       
1     0000e8b8  _serial_nr                              
1     0000e8a4  _set_datetm                             
0     003da7e4  _sin                                    
1     0000f11a  _speed_ref                              
1     0000f1b5  _stopRequested                          
1     0000e8ae  _tabptr                                 
1     0000e8a6  _tabsize                                
0     003db280  _tabtitle                               
0     003db12e  _units                                  
0     003dab7c  _vars_misc                              
abs   ffffffff  binit                                   
0     003db39b  cinit                                   
0     003d8000  code_start                              
1     0000e000  edata                                   
1     0000e000  end                                     
0     003dab7c  etext                                   
abs   ffffffff  pinit                                   


GLOBAL SYMBOLS: SORTED BY Symbol Address 

page  address   name                                    
----  -------   ----                                    
0     00008000  _CalcTrigValueGreater                   
0     00008000  _RamfuncsRunStart                       
0     00008075  _MUCI_Recorder_Trigger                  
0     000080f0  _InitFlash                              
0     0000810b  _DSP28x_usDelay                         
0     003d8000  code_start                              
0     003d8002  .text                                   
0     003d8002  _MUCI_Command_GET_PROTOCOL_VERSION      
0     003d8002  ___text__                               
0     003d803e  _MUCI_Command_PING                      
0     003d8082  _MUCI_Command_READ_NEW                  
0     003d8100  _MUCI_Command_WRITE_NEW                 
0     003d817f  _AddressFUBU                            
0     003d8184  _MUCI_Command_READ                      
0     003d82c4  _MUCI_Command_WRITE                     
0     003d83a1  _MUCI_Command_READ_TABNAMES             
0     003d83f5  _MUCI_Command_READ_MON_TABS             
0     003d8692  _MUCI_Command_READ_UNITS                
0     003d86e6  _MUCI_Command_READ_TABVALUES            
0     003d87ae  _MUCI_Command_REBOOT                    
0     003d87e2  _MUCI_Command_BOOT_SEND_API             
0     003d883c  _MUCI_Command_MUCI_READ_BBX             
0     003d8971  _MUCI_Command_BOOT_CLEAR_SECTOR         
0     003d89c8  _MUCI_Command_BOOT_PROGRAM_FLASH        
0     003d8a27  _MUCI_Command_BOOT_READ_FLASH           
0     003d8a83  _MUCI_ReceivePacket                     
0     003d8bf3  _MUCI_ProcessPacket                     
0     003d8cd5  _MUCI_PacketRouterSend                  
0     003d8d0a  _MUCI_PacketRouterReceive               
0     003d8d33  _MUCI_PacketRouterNoMoreRoute           
0     003d8d47  _MUCI_SendPacket                        
0     003d8f27  _MUCI_NeedDataDLE                       
0     003d8f3c  _MUCI_SetDeviceAddress                  
0     003d8f43  _MUCI_GetDeviceAddress                  
0     003d8f47  _MUCI_SetApplicationState               
0     003d8f4e  _MUCI_GetApplicationState               
0     003d8f52  _MUCI_Push_uint8_MessageData            
0     003d8f7d  _MUCI_Get_uint8_MessageData             
0     003d8fa9  _MUCI_Push_uint16_MessageData           
0     003d8fe0  _MUCI_Get_uint16_MessageData            
0     003d9012  _MUCI_Push_uint32_MessageData           
0     003d906d  _MUCI_Get_uint32_MessageData            
0     003d90bb  _MUCI_Push_uint64_MessageData           
0     003d9157  _MUCI_Get_uint64_MessageData            
0     003d9227  _isr_int1pie1_task_fcn                  
0     003d9508  _idle_num1_task_fcn                     
0     003d950b  _Controller_DSP_SetEventsForThisBaseStep
0     003d9546  _Controller_DSP_step0                   
0     003d972e  _Controller_DSP_step1                   
0     003d9739  _Controller_DSP_step2                   
0     003d974c  _Controller_DSP_initialize              
0     003d9978  _Controller_DSP_terminate               
0     003d9979  _INT13_ISR                              
0     003d9983  _INT14_ISR                              
0     003d998d  _DATALOG_ISR                            
0     003d9997  _RTOSINT_ISR                            
0     003d99a1  _EMUINT_ISR                             
0     003d99ab  _NMI_ISR                                
0     003d99b5  _ILLEGAL_ISR                            
0     003d99bf  _USER1_ISR                              
0     003d99c9  _USER2_ISR                              
0     003d99d3  _USER3_ISR                              
0     003d99dd  _USER4_ISR                              
0     003d99e7  _USER5_ISR                              
0     003d99f1  _USER6_ISR                              
0     003d99fb  _USER7_ISR                              
0     003d9a05  _USER8_ISR                              
0     003d9a0f  _USER9_ISR                              
0     003d9a19  _USER10_ISR                             
0     003d9a23  _USER11_ISR                             
0     003d9a2d  _USER12_ISR                             
0     003d9a37  _ADCINT1_ISR                            
0     003d9a41  _ADCINT2_ISR                            
0     003d9a4b  _XINT1_ISR                              
0     003d9a55  _XINT2_ISR                              
0     003d9a5f  _ADCINT9_ISR                            
0     003d9a69  _TINT0_ISR                              
0     003d9a73  _WAKEINT_ISR                            
0     003d9a7d  _EPWM1_TZINT_ISR                        
0     003d9a87  _EPWM2_TZINT_ISR                        
0     003d9a91  _EPWM3_TZINT_ISR                        
0     003d9a9b  _EPWM4_TZINT_ISR                        
0     003d9aa5  _EPWM5_TZINT_ISR                        
0     003d9aaf  _EPWM6_TZINT_ISR                        
0     003d9ab9  _EPWM7_TZINT_ISR                        
0     003d9ac3  _EPWM8_TZINT_ISR                        
0     003d9acd  _EPWM1_INT_ISR                          
0     003d9ad7  _EPWM2_INT_ISR                          
0     003d9ae1  _EPWM3_INT_ISR                          
0     003d9aeb  _EPWM4_INT_ISR                          
0     003d9af5  _EPWM5_INT_ISR                          
0     003d9aff  _EPWM6_INT_ISR                          
0     003d9b09  _EPWM7_INT_ISR                          
0     003d9b13  _EPWM8_INT_ISR                          
0     003d9b1d  _ECAP1_INT_ISR                          
0     003d9b27  _ECAP2_INT_ISR                          
0     003d9b31  _ECAP3_INT_ISR                          
0     003d9b3b  _HRCAP1_INT_ISR                         
0     003d9b45  _HRCAP2_INT_ISR                         
0     003d9b4f  _EQEP1_INT_ISR                          
0     003d9b59  _EQEP2_INT_ISR                          
0     003d9b63  _HRCAP3_INT_ISR                         
0     003d9b6d  _HRCAP4_INT_ISR                         
0     003d9b77  _USB0_INT_ISR                           
0     003d9b81  _SPIRXINTA_ISR                          
0     003d9b8b  _SPITXINTA_ISR                          
0     003d9b95  _SPIRXINTB_ISR                          
0     003d9b9f  _SPITXINTB_ISR                          
0     003d9ba9  _MRINTA_ISR                             
0     003d9bb3  _MXINTA_ISR                             
0     003d9bbd  _DINTCH1_ISR                            
0     003d9bc7  _DINTCH2_ISR                            
0     003d9bd1  _DINTCH3_ISR                            
0     003d9bdb  _DINTCH4_ISR                            
0     003d9be5  _DINTCH5_ISR                            
0     003d9bef  _DINTCH6_ISR                            
0     003d9bf9  _I2CINT1A_ISR                           
0     003d9c03  _I2CINT2A_ISR                           
0     003d9c0d  _SCIRXINTA_ISR                          
0     003d9c17  _SCITXINTA_ISR                          
0     003d9c21  _SCIRXINTB_ISR                          
0     003d9c2b  _SCITXINTB_ISR                          
0     003d9c35  _ECAN0INTA_ISR                          
0     003d9c3f  _ECAN1INTA_ISR                          
0     003d9c49  _ADCINT3_ISR                            
0     003d9c53  _ADCINT4_ISR                            
0     003d9c5d  _ADCINT5_ISR                            
0     003d9c67  _ADCINT6_ISR                            
0     003d9c71  _ADCINT7_ISR                            
0     003d9c7b  _ADCINT8_ISR                            
0     003d9c85  _CLA1_INT1_ISR                          
0     003d9c8f  _CLA1_INT2_ISR                          
0     003d9c99  _CLA1_INT3_ISR                          
0     003d9ca3  _CLA1_INT4_ISR                          
0     003d9cad  _CLA1_INT5_ISR                          
0     003d9cb7  _CLA1_INT6_ISR                          
0     003d9cc1  _CLA1_INT7_ISR                          
0     003d9ccb  _CLA1_INT8_ISR                          
0     003d9cd5  _XINT3_ISR                              
0     003d9cdf  _LVF_ISR                                
0     003d9ce9  _LUF_ISR                                
0     003d9cf3  _EMPTY_ISR                              
0     003d9d00  _PIE_RESERVED                           
0     003d9d0a  _rsvd_ISR                               
0     003d9d14  _InitAdc                                
0     003d9d3f  _InitAdcAio                             
0     003d9d61  _AdcOffsetSelfCal                       
0     003d9d88  _AdcChanSelect                          
0     003d9dfd  _AdcConversion                          
0     003d9f50  _SPI_Init_Clocks                        
0     003d9f57  _SPI_Init_GPIOs                         
0     003d9f64  _SPI_Init                               
0     003d9fd0  _SPI_CS_Assert                          
0     003d9fe9  _SPI_Set_CLKMode                        
0     003da022  _SPI_Set_DataLength                     
0     003da040  _SPI_Set_Speed                          
0     003da05a  _SPI_Transmit_8bit                      
0     003da070  _SPI_Transmit_16bit                     
0     003da086  _SPI_Transmit_32bit                     
0     003da0a2  _SPI_Receive_8bit                       
0     003da0bc  _SPI_Receive_16bit                      
0     003da0c4  _SPI_Receive_32bit                      
0     003da0ed  _SPI_TransmitReceive_16bit              
0     003da110  _InitSysCtrl                            
0     003da12a  _ServiceDog                             
0     003da134  _DisableDog                             
0     003da13c  _InitPll                                
0     003da191  _InitPll2                               
0     003da1bf  _InitPeripheralClocks                   
0     003da215  _CsmUnlock                              
0     003da246  _IntOsc1Sel                             
0     003da256  _IntOsc2Sel                             
0     003da26a  _XtalOscSel                             
0     003da286  _ExtOscSel                              
0     003da29c  _DeviceInit                             
0     003da36d  _SetSCITMSmon                           
0     003da3e2  _rt_OneStep                             
0     003da463  _main                                   
0     003da4b4  _config_ADC_SOC0                        
0     003da4e2  _config_ADC_SOC1                        
0     003da512  _config_ADC_SOC2                        
0     003da54a  _config_ADC_SOC3                        
0     003da57b  _AMER_init                              
0     003da592  _AMER_task_background                   
0     003da5fd  _AMER_task_adc                          
0     003da600  _AMER_task_1ms                          
0     003da603  _AMER_task_1s                           
0     003da604  FS$$DIV                                 
0     003da6d8  _MUCI_Recorder_Init                     
0     003da6f2  _MUCI_Recorder_Background               
0     003da70d  _InitCpuTimers                          
0     003da748  _ConfigCpuTimer                         
0     003da783  _cos                                    
0     003da7e4  _sin                                    
0     003da83c  _configureTimer0                        
0     003da875  _enableTimer0Interrupt                  
0     003da87d  _disableTimer0Interrupt                 
0     003da88b  _CPLD_Init                              
0     003da89e  _CPLD_DataExchange                      
0     003da8d2  _c_int00                                
0     003da918  _TINT0_isr                              
0     003da95b  _config_QEP_eQEP2                       
0     003da999  _init_board                             
0     003da9d1  _ADCINT1_isr                            
0     003daa07  _config_ePWM_GPIO                       
0     003daa35  _InitPieCtrl                            
0     003daa54  _EnableInterrupts                       
0     003daa5d  _InitPieVectTable                       
0     003daa85  _disableWatchdog                        
0     003daa90  _idletask_num1                          
0     003daa93  _enable_interrupts                      
0     003daaa4  _configureGPIOExtInterrupt              
0     003daaa5  _enableExtInterrupt                     
0     003daaa6  _memcpy                                 
0     003daac4  _MUCI_CalcCheckSum                      
0     003daae1  _modf                                   
0     003daafd  _MUCI_bsp_Reboot                        
0     003dab04  _MUCI_bsp_CLEAR_FLASH_SECTOR            
0     003dab0a  _MUCI_bsp_PROGRAM_FLASH                 
0     003dab11  _MUCI_bsp_READ_FLASH                    
0     003dab18  __args_main                             
0     003dab31  C$$EXIT                                 
0     003dab31  _abort                                  
0     003dab33  _exit                                   
0     003dab4a  _globalInterruptEnable                  
0     003dab4e  _globalInterruptDisable                 
0     003dab51  _c2000_flash_init                       
0     003dab60  _InitTermVars                           
0     003dab69  __register_unlock                       
0     003dab6d  __register_lock                         
0     003dab71  __nop                                   
0     003dab7a  _bootloaderBackgroundTask               
0     003dab7b  _bootloaderInit                         
0     003dab7c  ___etext__                              
0     003dab7c  _vars_misc                              
0     003dab7c  etext                                   
0     003dad20  _error_descriptor                       
0     003db02e  _PieVectTableInit                       
0     003db12e  _units                                  
0     003db1c4  _mainsm_descriptor                      
0     003db21e  _Controller_DSP_M                       
0     003db220  _Controller_DSP_rtZCPLDInput_t          
0     003db229  _Controller_DSP_rtZCPLDOutput_t         
0     003db238  _Controller_DSP_rtZMeas_t               
0     003db250  _Controller_DSP_ConstP                  
0     003db268  _min_set_datetm                         
0     003db269  _max_save_var                           
0     003db26a  _max_set_datetm                         
0     003db26b  _max_load_defv                          
0     003db26c  _min_load_defv                          
0     003db26d  _min_save_var                           
0     003db26e  _dev_mode                               
0     003db26f  _noofBBXch                              
0     003db270  _en_fl_bbx                              
0     003db271  _nr_tabs                                
0     003db272  _mon_ver                                
0     003db274  _Consy                                  
0     003db276  _max_s_date                             
0     003db278  _min_s_time                             
0     003db27a  _len_ehist                              
0     003db27c  _min_s_date                             
0     003db27e  _max_s_time                             
0     003db280  _tabtitle                               
0     003db28c  _RamfuncsLoadStart                      
0     003db39b  _RamfuncsLoadEnd                        
0     003db39b  ___cinit__                              
0     003db39b  cinit                                   
1     00000050  __stack                                 
1     00000250  __STACK_END                             
1     00000880  _DevEmuRegs                             
1     00000985  _SysPwrCtrlRegs                         
1     00000a80  _FlashRegs                              
1     00000ae0  _CsmRegs                                
1     00000b00  _AdcResult                              
1     00000c00  _CpuTimer0Regs                          
1     00000c08  _CpuTimer1Regs                          
1     00000c10  _CpuTimer2Regs                          
1     00000ce0  _PieCtrlRegs                            
1     00000d00  _EmuKey                                 
1     00000d00  _PieVectTable                           
1     00000d01  _EmuBMode                               
1     00000d02  _Flash_CallbackPtr                      
1     00000d04  _Flash_CPUScaleFactor                   
1     00001000  _DmaRegs                                
1     00001400  _Cla1Regs                               
1     00004000  _Usb0Regs                               
1     00005000  _McbspaRegs                             
1     00006000  _ECanaRegs                              
1     00006040  _ECanaLAMRegs                           
1     00006080  _ECanaMOTSRegs                          
1     000060c0  _ECanaMOTORegs                          
1     00006100  _ECanaMboxes                            
1     00006400  _Comp1Regs                              
1     00006420  _Comp2Regs                              
1     00006440  _Comp3Regs                              
1     00006800  _EPwm1Regs                              
1     00006840  _EPwm2Regs                              
1     00006880  _EPwm3Regs                              
1     000068c0  _EPwm4Regs                              
1     00006900  _EPwm5Regs                              
1     00006940  _EPwm6Regs                              
1     00006980  _EPwm7Regs                              
1     000069c0  _EPwm8Regs                              
1     00006a00  _ECap1Regs                              
1     00006a20  _ECap2Regs                              
1     00006a40  _ECap3Regs                              
1     00006ac0  _HRCap1Regs                             
1     00006ae0  _HRCap2Regs                             
1     00006b00  _EQep1Regs                              
1     00006b40  _EQep2Regs                              
1     00006c80  _HRCap3Regs                             
1     00006ca0  _HRCap4Regs                             
1     00006f80  _GpioCtrlRegs                           
1     00006fc0  _GpioDataRegs                           
1     00006fe0  _GpioIntRegs                            
1     00007010  _SysCtrlRegs                            
1     00007040  _SpiaRegs                               
1     00007050  _SciaRegs                               
1     00007060  _NmiIntruptRegs                         
1     00007070  _XIntruptRegs                           
1     00007100  _AdcRegs                                
1     00007740  _SpibRegs                               
1     00007750  _ScibRegs                               
1     00007900  _I2caRegs                               
1     0000e000  .bss                                    
1     0000e000  .data                                   
1     0000e000  _MUCI_Data                              
1     0000e000  ___bss__                                
1     0000e000  ___data__                               
1     0000e000  ___edata__                              
1     0000e000  ___end__                                
1     0000e000  edata                                   
1     0000e000  end                                     
1     0000e002  _MUCI_DataCount                         
1     0000e040  _Send_Packet                            
1     0000e480  _Rec_Packet                             
1     0000e88a  _CpuTimer1                              
1     0000e892  _CpuTimer2                              
1     0000e89a  _CpuTimer0                              
1     0000e8a2  _save_var                               
1     0000e8a3  _load_defv                              
1     0000e8a4  _set_datetm                             
1     0000e8a5  _len_mainsm_descriptor                  
1     0000e8a6  _tabsize                                
1     0000e8a7  _len_error_descriptor                   
1     0000e8a8  _c_time                                 
1     0000e8aa  _c_date                                 
1     0000e8ac  _s_date                                 
1     0000e8ae  _tabptr                                 
1     0000e8b0  _BuildTime                              
1     0000e8b2  _f_samp                                 
1     0000e8b4  _s_time                                 
1     0000e8b6  _BuildDate                              
1     0000e8b8  _serial_nr                              
1     0000e8ba  _API_start_address                      
1     0000e8bc  _copy_start_address                     
1     0000e8be  _SPIin                                  
1     0000e8bf  _SPIout                                 
1     0000e8c0  _FieldWatchError                        
1     0000e8c2  _MUCI_RecorderLength                    
1     0000e8c4  _MUCI_RecorderParameter                 
1     0000e900  _MUCI_RecorderData                      
1     0000f100  _CPLDOutBits                            
1     0000f101  _cnt_100ms                              
1     0000f102  _Encoder                                
1     0000f103  _Status                                 
1     0000f104  _AdcStart                               
1     0000f105  _AdcStop                                
1     0000f106  _Start                                  
1     0000f107  _delay                                  
1     0000f108  _cnt_1s                                 
1     0000f109  _ctrl_mode                              
1     0000f10c  _Speed_Kp                               
1     0000f10e  _Speed_Ki                               
1     0000f110  _modulation_limit                       
1     0000f112  _Udc_min                                
1     0000f114  _Iq_Kp                                  
1     0000f116  _Iq_Ki                                  
1     0000f118  _Speed_Iq_limit                         
1     0000f11a  _speed_ref                              
1     0000f11c  _Iq_ref                                 
1     0000f11e  _Id_Kp                                  
1     0000f120  _Id_ref                                 
1     0000f122  _Id_Ki                                  
1     0000f124  _CPLDIn                                 
1     0000f12d  _CPLDOut                                
1     0000f140  _Controller_DSP_M_                      
1     0000f150  _Controller_DSP_B                       
1     0000f166  _AnalogChA                              
1     0000f180  _Controller_DSP_DW                      
1     0000f19e  _Bridge3_Fault                          
1     0000f19f  _Bridge2_Fault                          
1     0000f1a0  _cpld_cnt                               
1     0000f1a1  _Bridge4_Fault                          
1     0000f1a2  _CPLDOutput                             
1     0000f1a3  _Bridge1_Fault                          
1     0000f1a4  _CPLDInput                              
1     0000f1a6  _CPLDSPI                                
1     0000f1ac  _MUCI_Config                            
1     0000f1ae  _MUCI_Counters                          
1     0000f1b4  _IsrOverrun                             
1     0000f1b5  _stopRequested                          
1     0000f1b6  _isRateRunning                          
1     0000f1b9  _need2runFlags                          
1     0000f1bc  ___TI_cleanup_ptr                       
1     0000f1be  ___TI_dtors_ptr                         
1     0000f1c0  __lock                                  
1     0000f1c2  __unlock                                
1     0000f1c4  _sci_ptr_terminal                       
1     003d7e80  _PartIdRegs                             
1     003f7ff8  _CsmPwl                                 
abs   00000200  __STACK_SIZE                            
abs   ffffffff  ___binit__                              
abs   ffffffff  ___c_args__                             
abs   ffffffff  ___pinit__                              
abs   ffffffff  binit                                   
abs   ffffffff  pinit                                   

[417 symbols]
