******************************************************************************
             TMS320C2000 Linker PC v15.12.7                    
******************************************************************************
>> Linked Fri Mar 27 14:23:59 2026

OUTPUT FILE NAME:   <../Controller_DSP.out>
ENTRY POINT SYMBOL: "_c_int00"  address: 003da3c9


MEMORY CONFIGURATION

         name            origin    length      used     unused   attr    fill
----------------------  --------  ---------  --------  --------  ----  --------
PAGE 0:
  PRAM                  00008000   00006000  00000106  00005efa  RWIX
  OTP                   003d7800   000003fa  00000000  000003fa  RWIX
  BEGIN                 003d8000   00000002  00000002  00000000  RWIX
  FLASH                 003d8002   00018ffe  00003002  00015ffc  RWIX
  BEGINFLASH            003f7ff6   00000002  00000000  00000002  RWIX
  CSM_PWL               003f7ff8   00000008  00000000  00000008  RWIX
  FPUTABLES             003fd860   000006a0  00000000  000006a0  RWIX
  IQTABLES              003fdf00   00000b50  00000000  00000b50  RWIX
  IQTABLES2             003fea50   0000008c  00000000  0000008c  RWIX
  IQTABLES3             003feadc   000000aa  00000000  000000aa  RWIX
  BOOTROM               003ff3b0   00000c10  00000000  00000c10  RWIX
  RESET                 003fffc0   00000002  00000000  00000002  RWIX
  VECTORS               003fffc2   0000003e  00000000  0000003e  RWIX

PAGE 1:
  BOOT_RSVD             00000000   00000050  00000000  00000050  RWIX
  RAMM0M1               00000050   000007b0  00000200  000005b0  RWIX
  DEV_EMU               00000880   00000105  00000004  00000101  RWIX
  SYS_PWR_CTL           00000985   00000003  00000003  00000000  RWIX
  FLASH_REGS            00000a80   00000060  00000008  00000058  RWIX
  CSM                   00000ae0   00000020  00000010  00000010  RWIX
  ADC_RESULT            00000b00   00000020  00000010  00000010  RWIX
  CPU_TIMER0            00000c00   00000008  00000008  00000000  RWIX
  CPU_TIMER1            00000c08   00000008  00000008  00000000  RWIX
  CPU_TIMER2            00000c10   00000008  00000008  00000000  RWIX
  PIE_CTRL              00000ce0   00000020  0000001a  00000006  RWIX
  PIE_VECT              00000d00   00000100  00000100  00000000  RWIX
  DMA                   00001000   00000200  000000e0  00000120  RWIX
  CLA1                  00001400   00000080  00000040  00000040  RWIX
  USB0                  00004000   00001000  00000454  00000bac  RWIX
  McBSPA                00005000   00000040  00000024  0000001c  RWIX
  ECANA                 00006000   00000040  00000034  0000000c  RWIX
  ECANA_LAM             00006040   00000040  00000040  00000000  RWIX
  ECANA_MOTS            00006080   00000040  00000040  00000000  RWIX
  ECANA_MOTO            000060c0   00000040  00000040  00000000  RWIX
  ECANA_MBOX            00006100   00000100  00000100  00000000  RWIX
  COMP1                 00006400   00000020  00000014  0000000c  RWIX
  COMP2                 00006420   00000020  00000014  0000000c  RWIX
  COMP3                 00006440   00000020  00000014  0000000c  RWIX
  EPWM1                 00006800   00000040  00000040  00000000  RWIX
  EPWM2                 00006840   00000040  00000040  00000000  RWIX
  EPWM3                 00006880   00000040  00000040  00000000  RWIX
  EPWM4                 000068c0   00000040  00000040  00000000  RWIX
  EPWM5                 00006900   00000040  00000040  00000000  RWIX
  EPWM6                 00006940   00000040  00000040  00000000  RWIX
  EPWM7                 00006980   00000040  00000040  00000000  RWIX
  EPWM8                 000069c0   00000040  00000040  00000000  RWIX
  ECAP1                 00006a00   00000020  00000020  00000000  RWIX
  ECAP2                 00006a20   00000020  00000020  00000000  RWIX
  ECAP3                 00006a40   00000020  00000020  00000000  RWIX
  HRCAP1                00006ac0   00000020  00000020  00000000  RWIX
  HRCAP2                00006ae0   00000020  00000020  00000000  RWIX
  EQEP1                 00006b00   00000040  00000022  0000001e  RWIX
  EQEP2                 00006b40   00000040  00000022  0000001e  RWIX
  HRCAP3                00006c80   00000020  00000020  00000000  RWIX
  HRCAP4                00006ca0   00000020  00000020  00000000  RWIX
  GPIOCTRL              00006f80   00000040  00000040  00000000  RWIX
  GPIODAT               00006fc0   00000020  00000020  00000000  RWIX
  GPIOINT               00006fe0   00000020  00000020  00000000  RWIX
  SYSTEM                00007010   00000030  00000030  00000000  RWIX
  SPIA                  00007040   00000010  00000010  00000000  RWIX
  SCIA                  00007050   00000010  00000010  00000000  RWIX
  NMIINTRUPT            00007060   00000010  00000010  00000000  RWIX
  XINTRUPT              00007070   00000010  00000010  00000000  RWIX
  ADC                   00007100   00000080  00000050  00000030  RWIX
  SPIB                  00007740   00000010  00000010  00000000  RWIX
  SCIB                  00007750   00000010  00000010  00000000  RWIX
  I2CA                  00007900   00000040  00000022  0000001e  RWIX
  DRAM                  0000e000   00006000  00001192  00004e6e  RWIX
  PARTID                003d7e80   00000001  00000001  00000000  RWIX
  CSM_PWL               003f7ff8   00000008  00000008  00000000  RWIX


SECTION ALLOCATION MAP

 output                                  attributes/
section   page    origin      length       input sections
--------  ----  ----------  ----------   ----------------
codestart 
*          0    003d8000    00000002     
                  003d8000    00000002     F2806x_CodeStartBranch.obj (codestart)

.text      0    003d8002    00002730     
                  003d8002    00000a73     MUCI_MonitorCommands.obj (.text)
                  003d8a75    0000076d     MUCI.obj (.text)
                  003d91e2    0000045e     Controller_DSP.obj (.text)
                  003d9640    0000039b     F2806x_DefaultIsr.obj (.text:retain)
                  003d99db    0000023a     F2806x_Adc.obj (.text)
                  003d9c15    000001c0     SPI.obj (.text)
                  003d9dd5    0000018c     F2806x_SysCtrl.obj (.text)
                  003d9f61    000000fe     inic.obj (.text)
                  003da05f    000000ce     ert_main.obj (.text)
                  003da12d    00000096     MW_c28xx_adc.obj (.text)
                  003da1c3    00000089     Amer.obj (.text)
                  003da24c    00000088     rts2800_fpu32.lib : fs_div.obj (.text)
                  003da2d4    0000007f     MUCI_Recorder.obj (.text)
                  003da353    00000076     F2806x_CpuTimers.obj (.text)
                  003da3c9    00000056     rts2800_fpu32.lib : boot.obj (.text)
                  003da41f    0000004f     c2806xSchedulerTimer0.obj (.text)
                  003da46e    00000047     CPLDHandler.obj (.text)
                  003da4b5    00000046     rts2800_fpu32.lib : cpy_tbl.obj (.text)
                  003da4fb    00000044     c2806xSchedulerTimer0.obj (.text:retain)
                  003da53f    00000038     MW_c28xx_board.obj (.text)
                  003da577    00000037     MW_c28xx_csl.obj (.text:retain)
                  003da5ae    0000002e     MW_c28xx_pwm.obj (.text)
                  003da5dc    00000029     rts2800_fpu32.lib : exit.obj (.text)
                  003da605    00000028     F2806x_PieCtrl.obj (.text)
                  003da62d    00000026     F2806x_PieVect.obj (.text)
                  003da653    00000021     MW_c28xx_csl.obj (.text)
                  003da674    0000001e     rts2800_fpu32.lib : memcpy.obj (.text)
                  003da692    0000001d     MUCI_CRCGenerator.obj (.text)
                  003da6af    0000001b     MUCI_bsp.obj (.text)
                  003da6ca    0000001a     rts2800_fpu32.lib : cpy_utils.obj (.text)
                  003da6e4    00000019                       : args_main.obj (.text)
                  003da6fd    00000016     c2806xBoard_Realtime_Support.obj (.text)
                  003da713    00000009     Term_defs.obj (.text)
                  003da71c    00000009     rts2800_fpu32.lib : _lock.obj (.text)
                  003da725    00000008     F2806x_CodeStartBranch.obj (.text)
                  003da72d    00000002     blapp_support.obj (.text)
                  003da72f    00000002     rts2800_fpu32.lib : pre_init.obj (.text)
                  003da731    00000001                       : startup.obj (.text)

.econst    0    003da732    00000710     
                  003da732    000001a4     Term_defs.obj (.econst:_vars_misc)
                  003da8d6    0000010e     Term_defs.obj (.econst:_error_descriptor)
                  003da9e4    00000100     MUCI_CRCGenerator.obj (.econst:.string:_MUCI_CRCGenerator_auchCRCHi)
                  003daae4    00000100     MUCI_CRCGenerator.obj (.econst:.string:_MUCI_CRCGenerator_auchCRCLo)
                  003dabe4    00000100     F2806x_PieVect.obj (.econst:_PieVectTableInit)
                  003dace4    00000096     Term_defs.obj (.econst:_units)
                  003dad7a    0000005a     Term_defs.obj (.econst:_mainsm_descriptor)
                  003dadd4    00000018     Term_defs.obj (.econst)
                  003dadec    00000018     Controller_DSP_data.obj (.econst:_Controller_DSP_ConstP)
                  003dae04    00000018     Controller_DSP.obj (.econst:_Controller_DSP_rtZMeas_t)
                  003dae1c    0000000f     Controller_DSP.obj (.econst:_Controller_DSP_rtZCPLDOutput_t)
                  003dae2b    0000000c     Term_defs.obj (.econst:_tabtitle)
                  003dae37    00000009     Controller_DSP.obj (.econst:_Controller_DSP_rtZCPLDInput_t)
                  003dae40    00000002     Controller_DSP.obj (.econst)

ramfuncs   0    003dae42    00000106     RUN ADDR = 00008000
                  003dae42    000000e7     MUCI_Recorder.obj (ramfuncs)
                  003daf29    0000001b     F2806x_SysCtrl.obj (ramfuncs)
                  003daf44    00000004     F2806x_usDelay.obj (ramfuncs)

.cinit     0    003daf48    00000070     
                  003daf48    0000001b     Controller_DSP.obj (.cinit)
                  003daf63    00000019     Term_defs.obj (.cinit)
                  003daf7c    00000014     ert_main.obj (.cinit)
                  003daf90    0000000e     rts2800_fpu32.lib : exit.obj (.cinit)
                  003daf9e    00000009     CPLDHandler.obj (.cinit)
                  003dafa7    00000005     MUCI_Recorder.obj (.cinit)
                  003dafac    00000005     rts2800_fpu32.lib : _lock.obj (.cinit:__lock)
                  003dafb1    00000005                       : _lock.obj (.cinit:__unlock)
                  003dafb6    00000002     --HOLE-- [fill = 0]

.switch    0    003dafb8    0000004c     
                  003dafb8    0000001a     MUCI_MonitorCommands.obj (.switch:_MUCI_Command_READ_NEW)
                  003dafd2    0000001a     MUCI_MonitorCommands.obj (.switch:_MUCI_Command_WRITE_NEW)
                  003dafec    00000018     MUCI.obj (.switch:_MUCI_ReceivePacket)

.stack     1    00000050    00000200     UNINITIALIZED
                  00000050    00000200     --HOLE--

DevEmuRegsFile 
*          1    00000880    00000004     UNINITIALIZED
                  00000880    00000004     F2806x_GlobalVariableDefs.obj (DevEmuRegsFile)

SysPwrCtrlRegsFile 
*          1    00000985    00000003     UNINITIALIZED
                  00000985    00000003     F2806x_GlobalVariableDefs.obj (SysPwrCtrlRegsFile)

FlashRegsFile 
*          1    00000a80    00000008     UNINITIALIZED
                  00000a80    00000008     F2806x_GlobalVariableDefs.obj (FlashRegsFile)

CsmRegsFile 
*          1    00000ae0    00000010     UNINITIALIZED
                  00000ae0    00000010     F2806x_GlobalVariableDefs.obj (CsmRegsFile)

AdcResultFile 
*          1    00000b00    00000010     UNINITIALIZED
                  00000b00    00000010     F2806x_GlobalVariableDefs.obj (AdcResultFile)

CpuTimer0RegsFile 
*          1    00000c00    00000008     UNINITIALIZED
                  00000c00    00000008     F2806x_GlobalVariableDefs.obj (CpuTimer0RegsFile)

CpuTimer1RegsFile 
*          1    00000c08    00000008     UNINITIALIZED
                  00000c08    00000008     F2806x_GlobalVariableDefs.obj (CpuTimer1RegsFile)

CpuTimer2RegsFile 
*          1    00000c10    00000008     UNINITIALIZED
                  00000c10    00000008     F2806x_GlobalVariableDefs.obj (CpuTimer2RegsFile)

PieCtrlRegsFile 
*          1    00000ce0    0000001a     UNINITIALIZED
                  00000ce0    0000001a     F2806x_GlobalVariableDefs.obj (PieCtrlRegsFile)

PieVectTableFile 
*          1    00000d00    00000100     UNINITIALIZED
                  00000d00    00000100     F2806x_GlobalVariableDefs.obj (PieVectTableFile)

EmuKeyVar 
*          1    00000d00    00000001     UNINITIALIZED
                  00000d00    00000001     F2806x_GlobalVariableDefs.obj (EmuKeyVar)

EmuBModeVar 
*          1    00000d01    00000001     UNINITIALIZED
                  00000d01    00000001     F2806x_GlobalVariableDefs.obj (EmuBModeVar)

FlashCallbackVar 
*          1    00000d02    00000002     UNINITIALIZED
                  00000d02    00000002     F2806x_GlobalVariableDefs.obj (FlashCallbackVar)

FlashScalingVar 
*          1    00000d04    00000002     UNINITIALIZED
                  00000d04    00000002     F2806x_GlobalVariableDefs.obj (FlashScalingVar)

DmaRegsFile 
*          1    00001000    000000e0     UNINITIALIZED
                  00001000    000000e0     F2806x_GlobalVariableDefs.obj (DmaRegsFile)

Cla1RegsFile 
*          1    00001400    00000040     UNINITIALIZED
                  00001400    00000040     F2806x_GlobalVariableDefs.obj (Cla1RegsFile)

Usb0RegsFile 
*          1    00004000    00000454     UNINITIALIZED
                  00004000    00000454     F2806x_GlobalVariableDefs.obj (Usb0RegsFile)

McbspaRegsFile 
*          1    00005000    00000024     UNINITIALIZED
                  00005000    00000024     F2806x_GlobalVariableDefs.obj (McbspaRegsFile)

ECanaRegsFile 
*          1    00006000    00000034     UNINITIALIZED
                  00006000    00000034     F2806x_GlobalVariableDefs.obj (ECanaRegsFile)

ECanaLAMRegsFile 
*          1    00006040    00000040     UNINITIALIZED
                  00006040    00000040     F2806x_GlobalVariableDefs.obj (ECanaLAMRegsFile)

ECanaMOTSRegsFile 
*          1    00006080    00000040     UNINITIALIZED
                  00006080    00000040     F2806x_GlobalVariableDefs.obj (ECanaMOTSRegsFile)

ECanaMOTORegsFile 
*          1    000060c0    00000040     UNINITIALIZED
                  000060c0    00000040     F2806x_GlobalVariableDefs.obj (ECanaMOTORegsFile)

ECanaMboxesFile 
*          1    00006100    00000100     UNINITIALIZED
                  00006100    00000100     F2806x_GlobalVariableDefs.obj (ECanaMboxesFile)

Comp1RegsFile 
*          1    00006400    00000014     UNINITIALIZED
                  00006400    00000014     F2806x_GlobalVariableDefs.obj (Comp1RegsFile)

Comp2RegsFile 
*          1    00006420    00000014     UNINITIALIZED
                  00006420    00000014     F2806x_GlobalVariableDefs.obj (Comp2RegsFile)

Comp3RegsFile 
*          1    00006440    00000014     UNINITIALIZED
                  00006440    00000014     F2806x_GlobalVariableDefs.obj (Comp3RegsFile)

EPwm1RegsFile 
*          1    00006800    00000040     UNINITIALIZED
                  00006800    00000040     F2806x_GlobalVariableDefs.obj (EPwm1RegsFile)

EPwm2RegsFile 
*          1    00006840    00000040     UNINITIALIZED
                  00006840    00000040     F2806x_GlobalVariableDefs.obj (EPwm2RegsFile)

EPwm3RegsFile 
*          1    00006880    00000040     UNINITIALIZED
                  00006880    00000040     F2806x_GlobalVariableDefs.obj (EPwm3RegsFile)

EPwm4RegsFile 
*          1    000068c0    00000040     UNINITIALIZED
                  000068c0    00000040     F2806x_GlobalVariableDefs.obj (EPwm4RegsFile)

EPwm5RegsFile 
*          1    00006900    00000040     UNINITIALIZED
                  00006900    00000040     F2806x_GlobalVariableDefs.obj (EPwm5RegsFile)

EPwm6RegsFile 
*          1    00006940    00000040     UNINITIALIZED
                  00006940    00000040     F2806x_GlobalVariableDefs.obj (EPwm6RegsFile)

EPwm7RegsFile 
*          1    00006980    00000040     UNINITIALIZED
                  00006980    00000040     F2806x_GlobalVariableDefs.obj (EPwm7RegsFile)

EPwm8RegsFile 
*          1    000069c0    00000040     UNINITIALIZED
                  000069c0    00000040     F2806x_GlobalVariableDefs.obj (EPwm8RegsFile)

ECap1RegsFile 
*          1    00006a00    00000020     UNINITIALIZED
                  00006a00    00000020     F2806x_GlobalVariableDefs.obj (ECap1RegsFile)

ECap2RegsFile 
*          1    00006a20    00000020     UNINITIALIZED
                  00006a20    00000020     F2806x_GlobalVariableDefs.obj (ECap2RegsFile)

ECap3RegsFile 
*          1    00006a40    00000020     UNINITIALIZED
                  00006a40    00000020     F2806x_GlobalVariableDefs.obj (ECap3RegsFile)

HRCap1RegsFile 
*          1    00006ac0    00000020     UNINITIALIZED
                  00006ac0    00000020     F2806x_GlobalVariableDefs.obj (HRCap1RegsFile)

HRCap2RegsFile 
*          1    00006ae0    00000020     UNINITIALIZED
                  00006ae0    00000020     F2806x_GlobalVariableDefs.obj (HRCap2RegsFile)

EQep1RegsFile 
*          1    00006b00    00000022     UNINITIALIZED
                  00006b00    00000022     F2806x_GlobalVariableDefs.obj (EQep1RegsFile)

EQep2RegsFile 
*          1    00006b40    00000022     UNINITIALIZED
                  00006b40    00000022     F2806x_GlobalVariableDefs.obj (EQep2RegsFile)

HRCap3RegsFile 
*          1    00006c80    00000020     UNINITIALIZED
                  00006c80    00000020     F2806x_GlobalVariableDefs.obj (HRCap3RegsFile)

HRCap4RegsFile 
*          1    00006ca0    00000020     UNINITIALIZED
                  00006ca0    00000020     F2806x_GlobalVariableDefs.obj (HRCap4RegsFile)

GpioCtrlRegsFile 
*          1    00006f80    00000040     UNINITIALIZED
                  00006f80    00000040     F2806x_GlobalVariableDefs.obj (GpioCtrlRegsFile)

GpioDataRegsFile 
*          1    00006fc0    00000020     UNINITIALIZED
                  00006fc0    00000020     F2806x_GlobalVariableDefs.obj (GpioDataRegsFile)

GpioIntRegsFile 
*          1    00006fe0    00000020     UNINITIALIZED
                  00006fe0    00000020     F2806x_GlobalVariableDefs.obj (GpioIntRegsFile)

SysCtrlRegsFile 
*          1    00007010    00000030     UNINITIALIZED
                  00007010    00000030     F2806x_GlobalVariableDefs.obj (SysCtrlRegsFile)

SpiaRegsFile 
*          1    00007040    00000010     UNINITIALIZED
                  00007040    00000010     F2806x_GlobalVariableDefs.obj (SpiaRegsFile)

SciaRegsFile 
*          1    00007050    00000010     UNINITIALIZED
                  00007050    00000010     F2806x_GlobalVariableDefs.obj (SciaRegsFile)

NmiIntruptRegsFile 
*          1    00007060    00000010     UNINITIALIZED
                  00007060    00000010     F2806x_GlobalVariableDefs.obj (NmiIntruptRegsFile)

XIntruptRegsFile 
*          1    00007070    00000010     UNINITIALIZED
                  00007070    00000010     F2806x_GlobalVariableDefs.obj (XIntruptRegsFile)

AdcRegsFile 
*          1    00007100    00000050     UNINITIALIZED
                  00007100    00000050     F2806x_GlobalVariableDefs.obj (AdcRegsFile)

SpibRegsFile 
*          1    00007740    00000010     UNINITIALIZED
                  00007740    00000010     F2806x_GlobalVariableDefs.obj (SpibRegsFile)

ScibRegsFile 
*          1    00007750    00000010     UNINITIALIZED
                  00007750    00000010     F2806x_GlobalVariableDefs.obj (ScibRegsFile)

I2caRegsFile 
*          1    00007900    00000022     UNINITIALIZED
                  00007900    00000022     F2806x_GlobalVariableDefs.obj (I2caRegsFile)

.bss       1    0000e000    00000000     UNINITIALIZED

.ebss      1    0000e000    00001192     UNINITIALIZED
                  0000e000    00000889     Amer.obj (.ebss)
                  0000e889    00000001     --HOLE--
                  0000e88a    00000018     F2806x_CpuTimers.obj (.ebss)
                  0000e8a2    00000018     Term_defs.obj (.ebss)
                  0000e8ba    00000006     rts2800_fpu32.lib : exit.obj (.ebss)
                  0000e8c0    00000840     MUCI_Recorder.obj (.ebss)
                  0000f100    00000068     Controller_DSP.obj (.ebss)
                  0000f168    0000000e     CPLDHandler.obj (.ebss)
                  0000f176    00000008     MUCI.obj (.ebss)
                  0000f17e    00000002     SPI.obj (.ebss)
                  0000f180    00000008     ert_main.obj (.ebss)
                  0000f188    00000004     MUCI_MonitorCommands.obj (.ebss)
                  0000f18c    00000002     rts2800_fpu32.lib : _lock.obj (.ebss:__lock)
                  0000f18e    00000002                       : _lock.obj (.ebss:__unlock)
                  0000f190    00000002     inic.obj (.ebss)

.data      1    0000e000    00000000     UNINITIALIZED

PartIdRegsFile 
*          1    003d7e80    00000001     UNINITIALIZED
                  003d7e80    00000001     F2806x_GlobalVariableDefs.obj (PartIdRegsFile)

CsmPwlFile 
*          1    003f7ff8    00000008     UNINITIALIZED
                  003f7ff8    00000008     F2806x_GlobalVariableDefs.obj (CsmPwlFile)

.pinit     0    003d8002    00000000     UNINITIALIZED

.reset     0    003fffc0    00000002     DSECT
                  003fffc0    00000002     rts2800_fpu32.lib : boot.obj (.reset)

MODULE SUMMARY

       Module                             code    ro data   rw data
       ------                             ----    -------   -------
    <current directory>
       F2806x_GlobalVariableDefs.obj      0       0         3550   
       MUCI_MonitorCommands.obj           2675    0         56     
       MUCI_Recorder.obj                  589     0         2117   
       Amer.obj                           137     0         2185   
       MUCI.obj                           1901    0         32     
       Controller_DSP.obj                 1118    0         181    
       Term_defs.obj                      9       0         1015   
       F2806x_DefaultIsr.obj              923     0         0      
       F2806x_Adc.obj                     570     0         0      
       MUCI_CRCGenerator.obj              29      0         512    
       F2806x_SysCtrl.obj                 450     0         0      
       SPI.obj                            448     0         2      
       F2806x_PieVect.obj                 38      0         256    
       inic.obj                           254     0         2      
       ert_main.obj                       206     0         28     
       MW_c28xx_adc.obj                   150     0         0      
       c2806xSchedulerTimer0.obj          147     0         0      
       F2806x_CpuTimers.obj               118     0         24     
       CPLDHandler.obj                    71      0         23     
       MW_c28xx_csl.obj                   88      0         0      
       MW_c28xx_board.obj                 56      0         0      
       MW_c28xx_pwm.obj                   46      0         0      
       F2806x_PieCtrl.obj                 40      0         0      
       MUCI_bsp.obj                       27      0         0      
       Controller_DSP_data.obj            0       0         24     
       c2806xBoard_Realtime_Support.obj   22      0         0      
       F2806x_CodeStartBranch.obj         10      0         0      
       F2806x_usDelay.obj                 8       0         0      
       blapp_support.obj                  2       0         0      
    +--+----------------------------------+-------+---------+---------+
       Total:                             10132   0         10007  
                                                                   
    C:/ti/ccs1120/ccs/tools/compiler/TI-CGT~4.LTS/lib/rts2800_fpu32.lib
       fs_div.obj                         136     0         0      
       boot.obj                           86      0         0      
       cpy_tbl.obj                        70      0         0      
       exit.obj                           41      0         20     
       memcpy.obj                         30      0         0      
       cpy_utils.obj                      26      0         0      
       args_main.obj                      25      0         0      
       _lock.obj                          9       0         14     
       pre_init.obj                       2       0         0      
       startup.obj                        1       0         0      
    +--+----------------------------------+-------+---------+---------+
       Total:                             426     0         34     
                                                                   
       Stack:                             0       0         512    
    +--+----------------------------------+-------+---------+---------+
       Grand Total:                       10558   0         10553  


GLOBAL DATA SYMBOLS: SORTED BY DATA PAGE

address     data page           name
--------    ----------------    ----
00000050       1 (00000040)     __stack

00000880      22 (00000880)     _DevEmuRegs

00000985      26 (00000980)     _SysPwrCtrlRegs

00000a80      2a (00000a80)     _FlashRegs

00000ae0      2b (00000ac0)     _CsmRegs

00000b00      2c (00000b00)     _AdcResult

00000c00      30 (00000c00)     _CpuTimer0Regs
00000c08      30 (00000c00)     _CpuTimer1Regs
00000c10      30 (00000c00)     _CpuTimer2Regs

00000ce0      33 (00000cc0)     _PieCtrlRegs

00000d00      34 (00000d00)     _EmuKey
00000d00      34 (00000d00)     _PieVectTable
00000d01      34 (00000d00)     _EmuBMode
00000d02      34 (00000d00)     _Flash_CallbackPtr
00000d04      34 (00000d00)     _Flash_CPUScaleFactor

00001000      40 (00001000)     _DmaRegs

00001400      50 (00001400)     _Cla1Regs

00004000     100 (00004000)     _Usb0Regs

00005000     140 (00005000)     _McbspaRegs

00006000     180 (00006000)     _ECanaRegs

00006040     181 (00006040)     _ECanaLAMRegs

00006080     182 (00006080)     _ECanaMOTSRegs

000060c0     183 (000060c0)     _ECanaMOTORegs

00006100     184 (00006100)     _ECanaMboxes

00006400     190 (00006400)     _Comp1Regs
00006420     190 (00006400)     _Comp2Regs

00006440     191 (00006440)     _Comp3Regs

00006800     1a0 (00006800)     _EPwm1Regs

00006840     1a1 (00006840)     _EPwm2Regs

00006880     1a2 (00006880)     _EPwm3Regs

000068c0     1a3 (000068c0)     _EPwm4Regs

00006900     1a4 (00006900)     _EPwm5Regs

00006940     1a5 (00006940)     _EPwm6Regs

00006980     1a6 (00006980)     _EPwm7Regs

000069c0     1a7 (000069c0)     _EPwm8Regs

00006a00     1a8 (00006a00)     _ECap1Regs
00006a20     1a8 (00006a00)     _ECap2Regs

00006a40     1a9 (00006a40)     _ECap3Regs

00006ac0     1ab (00006ac0)     _HRCap1Regs
00006ae0     1ab (00006ac0)     _HRCap2Regs

00006b00     1ac (00006b00)     _EQep1Regs

00006b40     1ad (00006b40)     _EQep2Regs

00006c80     1b2 (00006c80)     _HRCap3Regs
00006ca0     1b2 (00006c80)     _HRCap4Regs

00006f80     1be (00006f80)     _GpioCtrlRegs

00006fc0     1bf (00006fc0)     _GpioDataRegs
00006fe0     1bf (00006fc0)     _GpioIntRegs

00007010     1c0 (00007000)     _SysCtrlRegs

00007040     1c1 (00007040)     _SpiaRegs
00007050     1c1 (00007040)     _SciaRegs
00007060     1c1 (00007040)     _NmiIntruptRegs
00007070     1c1 (00007040)     _XIntruptRegs

00007100     1c4 (00007100)     _AdcRegs

00007740     1dd (00007740)     _SpibRegs
00007750     1dd (00007740)     _ScibRegs

00007900     1e4 (00007900)     _I2caRegs

0000e000     380 (0000e000)     _MUCI_Data
0000e002     380 (0000e000)     _MUCI_DataCount

0000e040     381 (0000e040)     _Send_Packet

0000e480     392 (0000e480)     _Rec_Packet

0000e88a     3a2 (0000e880)     _CpuTimer1
0000e892     3a2 (0000e880)     _CpuTimer2
0000e89a     3a2 (0000e880)     _CpuTimer0
0000e8a2     3a2 (0000e880)     _save_var
0000e8a3     3a2 (0000e880)     _load_defv
0000e8a4     3a2 (0000e880)     _set_datetm
0000e8a5     3a2 (0000e880)     _len_mainsm_descriptor
0000e8a6     3a2 (0000e880)     _tabsize
0000e8a7     3a2 (0000e880)     _len_error_descriptor
0000e8a8     3a2 (0000e880)     _c_time
0000e8aa     3a2 (0000e880)     _c_date
0000e8ac     3a2 (0000e880)     _s_date
0000e8ae     3a2 (0000e880)     _tabptr
0000e8b0     3a2 (0000e880)     _BuildTime
0000e8b2     3a2 (0000e880)     _f_samp
0000e8b4     3a2 (0000e880)     _s_time
0000e8b6     3a2 (0000e880)     _BuildDate
0000e8b8     3a2 (0000e880)     _serial_nr
0000e8ba     3a2 (0000e880)     ___TI_enable_exit_profile_output
0000e8bc     3a2 (0000e880)     ___TI_cleanup_ptr
0000e8be     3a2 (0000e880)     ___TI_dtors_ptr

0000e8c0     3a3 (0000e8c0)     _FieldWatchError
0000e8c2     3a3 (0000e8c0)     _MUCI_RecorderLength
0000e8c4     3a3 (0000e8c0)     _MUCI_RecorderParameter

0000e900     3a4 (0000e900)     _MUCI_RecorderData

0000f100     3c4 (0000f100)     _AdcStop
0000f101     3c4 (0000f100)     _cnt_1s
0000f102     3c4 (0000f100)     _cnt_100ms
0000f103     3c4 (0000f100)     _AdcStart
0000f104     3c4 (0000f100)     _Status
0000f106     3c4 (0000f100)     _Encoder
0000f107     3c4 (0000f100)     _Start
0000f108     3c4 (0000f100)     _CPLDOutBits
0000f109     3c4 (0000f100)     _delay
0000f10a     3c4 (0000f100)     _A_I
0000f10c     3c4 (0000f100)     _Iref
0000f10e     3c4 (0000f100)     _A_P
0000f110     3c4 (0000f100)     _Controller_DSP_M_
0000f116     3c4 (0000f100)     _CPLDIn
0000f120     3c4 (0000f100)     _Controller_DSP_DW
0000f12c     3c4 (0000f100)     _CPLDOut

0000f140     3c5 (0000f140)     _Controller_DSP_B
0000f150     3c5 (0000f140)     _AnalogChA
0000f168     3c5 (0000f140)     _Bridge3_Fault
0000f169     3c5 (0000f140)     _Bridge2_Fault
0000f16a     3c5 (0000f140)     _cpld_cnt
0000f16b     3c5 (0000f140)     _Bridge4_Fault
0000f16c     3c5 (0000f140)     _CPLDOutput
0000f16d     3c5 (0000f140)     _Bridge1_Fault
0000f16e     3c5 (0000f140)     _CPLDInput
0000f170     3c5 (0000f140)     _CPLDSPI
0000f176     3c5 (0000f140)     _MUCI_Config
0000f178     3c5 (0000f140)     _MUCI_Counters
0000f17e     3c5 (0000f140)     _SPIin
0000f17f     3c5 (0000f140)     _SPIout

0000f180     3c6 (0000f180)     _IsrOverrun
0000f181     3c6 (0000f180)     _stopRequested
0000f182     3c6 (0000f180)     _isRateRunning
0000f185     3c6 (0000f180)     _need2runFlags
0000f188     3c6 (0000f180)     _API_start_address
0000f18a     3c6 (0000f180)     _copy_start_address
0000f18c     3c6 (0000f180)     __lock
0000f18e     3c6 (0000f180)     __unlock
0000f190     3c6 (0000f180)     _sci_ptr_terminal

003d7e80    f5fa (003d7e80)     _PartIdRegs

003da732    f69c (003da700)     _vars_misc

003da8d6    f6a3 (003da8c0)     _error_descriptor

003dabe4    f6af (003dabc0)     _PieVectTableInit

003dace4    f6b3 (003dacc0)     _units

003dad7a    f6b5 (003dad40)     _mainsm_descriptor

003dadd4    f6b7 (003dadc0)     _min_set_datetm
003dadd5    f6b7 (003dadc0)     _max_save_var
003dadd6    f6b7 (003dadc0)     _max_set_datetm
003dadd7    f6b7 (003dadc0)     _max_load_defv
003dadd8    f6b7 (003dadc0)     _min_load_defv
003dadd9    f6b7 (003dadc0)     _min_save_var
003dadda    f6b7 (003dadc0)     _dev_mode
003daddb    f6b7 (003dadc0)     _noofBBXch
003daddc    f6b7 (003dadc0)     _en_fl_bbx
003daddd    f6b7 (003dadc0)     _nr_tabs
003dadde    f6b7 (003dadc0)     _mon_ver
003dade0    f6b7 (003dadc0)     _Consy
003dade2    f6b7 (003dadc0)     _max_s_date
003dade4    f6b7 (003dadc0)     _min_s_time
003dade6    f6b7 (003dadc0)     _len_ehist
003dade8    f6b7 (003dadc0)     _min_s_date
003dadea    f6b7 (003dadc0)     _max_s_time
003dadec    f6b7 (003dadc0)     _Controller_DSP_ConstP

003dae04    f6b8 (003dae00)     _Controller_DSP_rtZMeas_t
003dae1c    f6b8 (003dae00)     _Controller_DSP_rtZCPLDOutput_t
003dae2b    f6b8 (003dae00)     _tabtitle
003dae37    f6b8 (003dae00)     _Controller_DSP_rtZCPLDInput_t

003dae40    f6b9 (003dae40)     _Controller_DSP_M

003f7ff8    fdff (003f7fc0)     _CsmPwl


GLOBAL SYMBOLS: SORTED ALPHABETICALLY BY Name 

page  address   name                                    
----  -------   ----                                    
1     0000e000  .bss                                    
1     0000e000  .data                                   
0     003d8002  .text                                   
0     003da5dc  C$$EXIT                                 
0     003da24c  FS$$DIV                                 
0     003d96fe  _ADCINT1_ISR                            
0     003da577  _ADCINT1_isr                            
0     003d9708  _ADCINT2_ISR                            
0     003d9910  _ADCINT3_ISR                            
0     003d991a  _ADCINT4_ISR                            
0     003d9924  _ADCINT5_ISR                            
0     003d992e  _ADCINT6_ISR                            
0     003d9938  _ADCINT7_ISR                            
0     003d9942  _ADCINT8_ISR                            
0     003d9726  _ADCINT9_ISR                            
0     003da1c3  _AMER_init                              
0     003da248  _AMER_task_1ms                          
0     003da24b  _AMER_task_1s                           
0     003da245  _AMER_task_adc                          
0     003da1da  _AMER_task_background                   
1     0000f188  _API_start_address                      
1     0000f10a  _A_I                                    
1     0000f10e  _A_P                                    
0     003d9a4f  _AdcChanSelect                          
0     003d9ac4  _AdcConversion                          
0     003d9a28  _AdcOffsetSelfCal                       
1     00007100  _AdcRegs                                
1     00000b00  _AdcResult                              
1     0000f103  _AdcStart                               
1     0000f100  _AdcStop                                
0     003d817d  _AddressFUBU                            
1     0000f150  _AnalogChA                              
1     0000f16d  _Bridge1_Fault                          
1     0000f169  _Bridge2_Fault                          
1     0000f168  _Bridge3_Fault                          
1     0000f16b  _Bridge4_Fault                          
1     0000e8b6  _BuildDate                              
1     0000e8b0  _BuildTime                              
0     003d994c  _CLA1_INT1_ISR                          
0     003d9956  _CLA1_INT2_ISR                          
0     003d9960  _CLA1_INT3_ISR                          
0     003d996a  _CLA1_INT4_ISR                          
0     003d9974  _CLA1_INT5_ISR                          
0     003d997e  _CLA1_INT6_ISR                          
0     003d9988  _CLA1_INT7_ISR                          
0     003d9992  _CLA1_INT8_ISR                          
1     0000f116  _CPLDIn                                 
1     0000f16e  _CPLDInput                              
1     0000f12c  _CPLDOut                                
1     0000f108  _CPLDOutBits                            
1     0000f16c  _CPLDOutput                             
1     0000f170  _CPLDSPI                                
0     003da481  _CPLD_DataExchange                      
0     003da46e  _CPLD_Init                              
0     00008000  _CalcTrigValueGreater                   
1     00001400  _Cla1Regs                               
1     00006400  _Comp1Regs                              
1     00006420  _Comp2Regs                              
1     00006440  _Comp3Regs                              
0     003da38e  _ConfigCpuTimer                         
0     003dade0  _Consy                                  
1     0000f140  _Controller_DSP_B                       
0     003dadec  _Controller_DSP_ConstP                  
1     0000f120  _Controller_DSP_DW                      
0     003dae40  _Controller_DSP_M                       
1     0000f110  _Controller_DSP_M_                      
0     003d92cb  _Controller_DSP_SetEventsForThisBaseStep
0     003d945c  _Controller_DSP_initialize              
0     003dae37  _Controller_DSP_rtZCPLDInput_t          
0     003dae1c  _Controller_DSP_rtZCPLDOutput_t         
0     003dae04  _Controller_DSP_rtZMeas_t               
0     003d92f6  _Controller_DSP_step0                   
0     003d9446  _Controller_DSP_step1                   
0     003d944d  _Controller_DSP_step2                   
0     003d963f  _Controller_DSP_terminate               
1     0000e89a  _CpuTimer0                              
1     00000c00  _CpuTimer0Regs                          
1     0000e88a  _CpuTimer1                              
1     00000c08  _CpuTimer1Regs                          
1     0000e892  _CpuTimer2                              
1     00000c10  _CpuTimer2Regs                          
1     003f7ff8  _CsmPwl                                 
1     00000ae0  _CsmRegs                                
0     003d9eda  _CsmUnlock                              
0     003d9654  _DATALOG_ISR                            
0     003d9884  _DINTCH1_ISR                            
0     003d988e  _DINTCH2_ISR                            
0     003d9898  _DINTCH3_ISR                            
0     003d98a2  _DINTCH4_ISR                            
0     003d98ac  _DINTCH5_ISR                            
0     003d98b6  _DINTCH6_ISR                            
0     00008102  _DSP28x_usDelay                         
1     00000880  _DevEmuRegs                             
0     003d9f61  _DeviceInit                             
0     003d9df9  _DisableDog                             
1     00001000  _DmaRegs                                
0     003d98fc  _ECAN0INTA_ISR                          
0     003d9906  _ECAN1INTA_ISR                          
0     003d97e4  _ECAP1_INT_ISR                          
0     003d97ee  _ECAP2_INT_ISR                          
0     003d97f8  _ECAP3_INT_ISR                          
1     00006040  _ECanaLAMRegs                           
1     000060c0  _ECanaMOTORegs                          
1     00006080  _ECanaMOTSRegs                          
1     00006100  _ECanaMboxes                            
1     00006000  _ECanaRegs                              
1     00006a00  _ECap1Regs                              
1     00006a20  _ECap2Regs                              
1     00006a40  _ECap3Regs                              
0     003d99ba  _EMPTY_ISR                              
0     003d9668  _EMUINT_ISR                             
0     003d9794  _EPWM1_INT_ISR                          
0     003d9744  _EPWM1_TZINT_ISR                        
0     003d979e  _EPWM2_INT_ISR                          
0     003d974e  _EPWM2_TZINT_ISR                        
0     003d97a8  _EPWM3_INT_ISR                          
0     003d9758  _EPWM3_TZINT_ISR                        
0     003d97b2  _EPWM4_INT_ISR                          
0     003d9762  _EPWM4_TZINT_ISR                        
0     003d97bc  _EPWM5_INT_ISR                          
0     003d976c  _EPWM5_TZINT_ISR                        
0     003d97c6  _EPWM6_INT_ISR                          
0     003d9776  _EPWM6_TZINT_ISR                        
0     003d97d0  _EPWM7_INT_ISR                          
0     003d9780  _EPWM7_TZINT_ISR                        
0     003d97da  _EPWM8_INT_ISR                          
0     003d978a  _EPWM8_TZINT_ISR                        
1     00006800  _EPwm1Regs                              
1     00006840  _EPwm2Regs                              
1     00006880  _EPwm3Regs                              
1     000068c0  _EPwm4Regs                              
1     00006900  _EPwm5Regs                              
1     00006940  _EPwm6Regs                              
1     00006980  _EPwm7Regs                              
1     000069c0  _EPwm8Regs                              
0     003d9816  _EQEP1_INT_ISR                          
0     003d9820  _EQEP2_INT_ISR                          
1     00006b00  _EQep1Regs                              
1     00006b40  _EQep2Regs                              
1     00000d01  _EmuBMode                               
1     00000d00  _EmuKey                                 
0     003da624  _EnableInterrupts                       
1     0000f106  _Encoder                                
0     003d9f4b  _ExtOscSel                              
1     0000e8c0  _FieldWatchError                        
1     00000a80  _FlashRegs                              
1     00000d04  _Flash_CPUScaleFactor                   
1     00000d02  _Flash_CallbackPtr                      
1     00006f80  _GpioCtrlRegs                           
1     00006fc0  _GpioDataRegs                           
1     00006fe0  _GpioIntRegs                            
0     003d9802  _HRCAP1_INT_ISR                         
0     003d980c  _HRCAP2_INT_ISR                         
0     003d982a  _HRCAP3_INT_ISR                         
0     003d9834  _HRCAP4_INT_ISR                         
1     00006ac0  _HRCap1Regs                             
1     00006ae0  _HRCap2Regs                             
1     00006c80  _HRCap3Regs                             
1     00006ca0  _HRCap4Regs                             
0     003d98c0  _I2CINT1A_ISR                           
0     003d98ca  _I2CINT2A_ISR                           
1     00007900  _I2caRegs                               
0     003d967c  _ILLEGAL_ISR                            
0     003d9640  _INT13_ISR                              
0     003d964a  _INT14_ISR                              
0     003d99db  _InitAdc                                
0     003d9a06  _InitAdcAio                             
0     003da353  _InitCpuTimers                          
0     000080e7  _InitFlash                              
0     003d9e84  _InitPeripheralClocks                   
0     003da605  _InitPieCtrl                            
0     003da62d  _InitPieVectTable                       
0     003d9e01  _InitPll                                
0     003d9e56  _InitPll2                               
0     003d9dd5  _InitSysCtrl                            
0     003da713  _InitTermVars                           
0     003d9f0b  _IntOsc1Sel                             
0     003d9f1b  _IntOsc2Sel                             
1     0000f10c  _Iref                                   
1     0000f180  _IsrOverrun                             
0     003d99b0  _LUF_ISR                                
0     003d99a6  _LVF_ISR                                
0     003d9870  _MRINTA_ISR                             
0     003da692  _MUCI_CalcCheckSum                      
0     003d8963  _MUCI_Command_BOOT_CLEAR_SECTOR         
0     003d89ba  _MUCI_Command_BOOT_PROGRAM_FLASH        
0     003d8a19  _MUCI_Command_BOOT_READ_FLASH           
0     003d87d7  _MUCI_Command_BOOT_SEND_API             
0     003d8002  _MUCI_Command_GET_PROTOCOL_VERSION      
0     003d8830  _MUCI_Command_MUCI_READ_BBX             
0     003d803e  _MUCI_Command_PING                      
0     003d8182  _MUCI_Command_READ                      
0     003d83ee  _MUCI_Command_READ_MON_TABS             
0     003d8082  _MUCI_Command_READ_NEW                  
0     003d839c  _MUCI_Command_READ_TABNAMES             
0     003d86db  _MUCI_Command_READ_TABVALUES            
0     003d8689  _MUCI_Command_READ_UNITS                
0     003d87a3  _MUCI_Command_REBOOT                    
0     003d82c0  _MUCI_Command_WRITE                     
0     003d80ff  _MUCI_Command_WRITE_NEW                 
1     0000f176  _MUCI_Config                            
1     0000f178  _MUCI_Counters                          
1     0000e000  _MUCI_Data                              
1     0000e002  _MUCI_DataCount                         
0     003d8f29  _MUCI_GetApplicationState               
0     003d8f1e  _MUCI_GetDeviceAddress                  
0     003d8fb8  _MUCI_Get_uint16_MessageData            
0     003d9043  _MUCI_Get_uint32_MessageData            
0     003d912c  _MUCI_Get_uint64_MessageData            
0     003d8f57  _MUCI_Get_uint8_MessageData             
0     003d8f02  _MUCI_NeedDataDLE                       
0     003d8d13  _MUCI_PacketRouterNoMoreRoute           
0     003d8cea  _MUCI_PacketRouterReceive               
0     003d8cb5  _MUCI_PacketRouterSend                  
0     003d8be2  _MUCI_ProcessPacket                     
0     003d8f82  _MUCI_Push_uint16_MessageData           
0     003d8fe9  _MUCI_Push_uint32_MessageData           
0     003d9090  _MUCI_Push_uint64_MessageData           
0     003d8f2d  _MUCI_Push_uint8_MessageData            
0     003d8a75  _MUCI_ReceivePacket                     
1     0000e900  _MUCI_RecorderData                      
1     0000e8c2  _MUCI_RecorderLength                    
1     0000e8c4  _MUCI_RecorderParameter                 
0     003da338  _MUCI_Recorder_Background               
0     003da320  _MUCI_Recorder_Init                     
0     0000806d  _MUCI_Recorder_Trigger                  
0     003d8d27  _MUCI_SendPacket                        
0     003d8f22  _MUCI_SetApplicationState               
0     003d8f17  _MUCI_SetDeviceAddress                  
0     003da6b6  _MUCI_bsp_CLEAR_FLASH_SECTOR            
0     003da6bc  _MUCI_bsp_PROGRAM_FLASH                 
0     003da6c3  _MUCI_bsp_READ_FLASH                    
0     003da6af  _MUCI_bsp_Reboot                        
0     003d987a  _MXINTA_ISR                             
1     00005000  _McbspaRegs                             
0     003d9672  _NMI_ISR                                
1     00007060  _NmiIntruptRegs                         
0     003d99c7  _PIE_RESERVED                           
1     003d7e80  _PartIdRegs                             
1     00000ce0  _PieCtrlRegs                            
1     00000d00  _PieVectTable                           
0     003dabe4  _PieVectTableInit                       
0     003d965e  _RTOSINT_ISR                            
0     003daf48  _RamfuncsLoadEnd                        
0     003dae42  _RamfuncsLoadStart                      
0     00008000  _RamfuncsRunStart                       
1     0000e480  _Rec_Packet                             
0     003d98d4  _SCIRXINTA_ISR                          
0     003d98e8  _SCIRXINTB_ISR                          
0     003d98de  _SCITXINTA_ISR                          
0     003d98f2  _SCITXINTB_ISR                          
0     003d9848  _SPIRXINTA_ISR                          
0     003d985c  _SPIRXINTB_ISR                          
0     003d9852  _SPITXINTA_ISR                          
0     003d9866  _SPITXINTB_ISR                          
0     003d9c95  _SPI_CS_Assert                          
0     003d9c29  _SPI_Init                               
0     003d9c15  _SPI_Init_Clocks                        
0     003d9c1c  _SPI_Init_GPIOs                         
0     003d9d81  _SPI_Receive_16bit                      
0     003d9d89  _SPI_Receive_32bit                      
0     003d9d67  _SPI_Receive_8bit                       
0     003d9cae  _SPI_Set_CLKMode                        
0     003d9ce7  _SPI_Set_DataLength                     
0     003d9d05  _SPI_Set_Speed                          
0     003d9db2  _SPI_TransmitReceive_16bit              
0     003d9d35  _SPI_Transmit_16bit                     
0     003d9d4b  _SPI_Transmit_32bit                     
0     003d9d1f  _SPI_Transmit_8bit                      
1     0000f17e  _SPIin                                  
1     0000f17f  _SPIout                                 
1     00007050  _SciaRegs                               
1     00007750  _ScibRegs                               
1     0000e040  _Send_Packet                            
0     003d9def  _ServiceDog                             
0     003d9fea  _SetSCITMSmon                           
1     00007040  _SpiaRegs                               
1     00007740  _SpibRegs                               
1     0000f107  _Start                                  
1     0000f104  _Status                                 
1     00007010  _SysCtrlRegs                            
1     00000985  _SysPwrCtrlRegs                         
0     003d9730  _TINT0_ISR                              
0     003da4fb  _TINT0_isr                              
0     003d983e  _USB0_INT_ISR                           
0     003d96e0  _USER10_ISR                             
0     003d96ea  _USER11_ISR                             
0     003d96f4  _USER12_ISR                             
0     003d9686  _USER1_ISR                              
0     003d9690  _USER2_ISR                              
0     003d969a  _USER3_ISR                              
0     003d96a4  _USER4_ISR                              
0     003d96ae  _USER5_ISR                              
0     003d96b8  _USER6_ISR                              
0     003d96c2  _USER7_ISR                              
0     003d96cc  _USER8_ISR                              
0     003d96d6  _USER9_ISR                              
1     00004000  _Usb0Regs                               
0     003d973a  _WAKEINT_ISR                            
0     003d9712  _XINT1_ISR                              
0     003d971c  _XINT2_ISR                              
0     003d999c  _XINT3_ISR                              
1     00007070  _XIntruptRegs                           
0     003d9f2f  _XtalOscSel                             
1     00000250  __STACK_END                             
abs   00000200  __STACK_SIZE                            
1     0000e8bc  ___TI_cleanup_ptr                       
1     0000e8be  ___TI_dtors_ptr                         
1     0000e8ba  ___TI_enable_exit_profile_output        
abs   ffffffff  ___TI_pprof_out_hndl                    
abs   ffffffff  ___TI_prof_data_size                    
abs   ffffffff  ___TI_prof_data_start                   
abs   ffffffff  ___binit__                              
1     0000e000  ___bss__                                
abs   ffffffff  ___c_args__                             
0     003daf48  ___cinit__                              
1     0000e000  ___data__                               
1     0000e000  ___edata__                              
1     0000e000  ___end__                                
0     003da732  ___etext__                              
abs   ffffffff  ___pinit__                              
0     003d8002  ___text__                               
0     003da6e4  __args_main                             
1     0000f18c  __lock                                  
0     003da724  __nop                                   
0     003da720  __register_lock                         
0     003da71c  __register_unlock                       
1     00000050  __stack                                 
0     003da731  __system_post_cinit                     
0     003da72f  __system_pre_init                       
1     0000f18e  __unlock                                
0     003da5dc  _abort                                  
0     003da72d  _bootloaderBackgroundTask               
0     003da72e  _bootloaderInit                         
0     003da704  _c2000_flash_init                       
1     0000e8aa  _c_date                                 
0     003da3c9  _c_int00                                
1     0000e8a8  _c_time                                 
1     0000f102  _cnt_100ms                              
1     0000f101  _cnt_1s                                 
0     003da12d  _config_ADC_SOC0                        
0     003da15b  _config_ADC_SOC1                        
0     003da18b  _config_ADC_SOC2                        
0     003da5ae  _config_ePWM_GPIO                       
0     003da672  _configureGPIOExtInterrupt              
0     003da41f  _configureTimer0                        
0     003da4b5  _copy_in                                
1     0000f18a  _copy_start_address                     
1     0000f16a  _cpld_cnt                               
0     003da6ca  _ddcopy                                 
1     0000f109  _delay                                  
0     003dadda  _dev_mode                               
0     003da460  _disableTimer0Interrupt                 
0     003da653  _disableWatchdog                        
0     003da6ca  _dpcopy                                 
0     003daddc  _en_fl_bbx                              
0     003da673  _enableExtInterrupt                     
0     003da458  _enableTimer0Interrupt                  
0     003da661  _enable_interrupts                      
0     003da8d6  _error_descriptor                       
0     003da5de  _exit                                   
1     0000e8b2  _f_samp                                 
0     003da701  _globalInterruptDisable                 
0     003da6fd  _globalInterruptEnable                  
0     003d92c8  _idle_num1_task_fcn                     
0     003da65e  _idletask_num1                          
0     003da53f  _init_board                             
1     0000f182  _isRateRunning                          
0     003d91e2  _isr_int1pie1_task_fcn                  
0     003dade6  _len_ehist                              
1     0000e8a7  _len_error_descriptor                   
1     0000e8a5  _len_mainsm_descriptor                  
1     0000e8a3  _load_defv                              
0     003da0dc  _main                                   
0     003dad7a  _mainsm_descriptor                      
0     003dadd7  _max_load_defv                          
0     003dade2  _max_s_date                             
0     003dadea  _max_s_time                             
0     003dadd5  _max_save_var                           
0     003dadd6  _max_set_datetm                         
0     003da674  _memcpy                                 
0     003dadd8  _min_load_defv                          
0     003dade8  _min_s_date                             
0     003dade4  _min_s_time                             
0     003dadd9  _min_save_var                           
0     003dadd4  _min_set_datetm                         
0     003dadde  _mon_ver                                
1     0000f185  _need2runFlags                          
0     003daddb  _noofBBXch                              
0     003daddd  _nr_tabs                                
0     003da6ca  _pdcopy                                 
0     003da6ca  _ppcopy                                 
0     003d99d1  _rsvd_ISR                               
0     003da05f  _rt_OneStep                             
1     0000e8ac  _s_date                                 
1     0000e8b4  _s_time                                 
1     0000e8a2  _save_var                               
1     0000f190  _sci_ptr_terminal                       
1     0000e8b8  _serial_nr                              
1     0000e8a4  _set_datetm                             
1     0000f181  _stopRequested                          
1     0000e8ae  _tabptr                                 
1     0000e8a6  _tabsize                                
0     003dae2b  _tabtitle                               
0     003dace4  _units                                  
0     003da732  _vars_misc                              
abs   ffffffff  binit                                   
0     003daf48  cinit                                   
0     003d8000  code_start                              
1     0000e000  edata                                   
1     0000e000  end                                     
0     003da732  etext                                   
abs   ffffffff  pinit                                   


GLOBAL SYMBOLS: SORTED BY Symbol Address 

page  address   name                                    
----  -------   ----                                    
0     00008000  _CalcTrigValueGreater                   
0     00008000  _RamfuncsRunStart                       
0     0000806d  _MUCI_Recorder_Trigger                  
0     000080e7  _InitFlash                              
0     00008102  _DSP28x_usDelay                         
0     003d8000  code_start                              
0     003d8002  .text                                   
0     003d8002  _MUCI_Command_GET_PROTOCOL_VERSION      
0     003d8002  ___text__                               
0     003d803e  _MUCI_Command_PING                      
0     003d8082  _MUCI_Command_READ_NEW                  
0     003d80ff  _MUCI_Command_WRITE_NEW                 
0     003d817d  _AddressFUBU                            
0     003d8182  _MUCI_Command_READ                      
0     003d82c0  _MUCI_Command_WRITE                     
0     003d839c  _MUCI_Command_READ_TABNAMES             
0     003d83ee  _MUCI_Command_READ_MON_TABS             
0     003d8689  _MUCI_Command_READ_UNITS                
0     003d86db  _MUCI_Command_READ_TABVALUES            
0     003d87a3  _MUCI_Command_REBOOT                    
0     003d87d7  _MUCI_Command_BOOT_SEND_API             
0     003d8830  _MUCI_Command_MUCI_READ_BBX             
0     003d8963  _MUCI_Command_BOOT_CLEAR_SECTOR         
0     003d89ba  _MUCI_Command_BOOT_PROGRAM_FLASH        
0     003d8a19  _MUCI_Command_BOOT_READ_FLASH           
0     003d8a75  _MUCI_ReceivePacket                     
0     003d8be2  _MUCI_ProcessPacket                     
0     003d8cb5  _MUCI_PacketRouterSend                  
0     003d8cea  _MUCI_PacketRouterReceive               
0     003d8d13  _MUCI_PacketRouterNoMoreRoute           
0     003d8d27  _MUCI_SendPacket                        
0     003d8f02  _MUCI_NeedDataDLE                       
0     003d8f17  _MUCI_SetDeviceAddress                  
0     003d8f1e  _MUCI_GetDeviceAddress                  
0     003d8f22  _MUCI_SetApplicationState               
0     003d8f29  _MUCI_GetApplicationState               
0     003d8f2d  _MUCI_Push_uint8_MessageData            
0     003d8f57  _MUCI_Get_uint8_MessageData             
0     003d8f82  _MUCI_Push_uint16_MessageData           
0     003d8fb8  _MUCI_Get_uint16_MessageData            
0     003d8fe9  _MUCI_Push_uint32_MessageData           
0     003d9043  _MUCI_Get_uint32_MessageData            
0     003d9090  _MUCI_Push_uint64_MessageData           
0     003d912c  _MUCI_Get_uint64_MessageData            
0     003d91e2  _isr_int1pie1_task_fcn                  
0     003d92c8  _idle_num1_task_fcn                     
0     003d92cb  _Controller_DSP_SetEventsForThisBaseStep
0     003d92f6  _Controller_DSP_step0                   
0     003d9446  _Controller_DSP_step1                   
0     003d944d  _Controller_DSP_step2                   
0     003d945c  _Controller_DSP_initialize              
0     003d963f  _Controller_DSP_terminate               
0     003d9640  _INT13_ISR                              
0     003d964a  _INT14_ISR                              
0     003d9654  _DATALOG_ISR                            
0     003d965e  _RTOSINT_ISR                            
0     003d9668  _EMUINT_ISR                             
0     003d9672  _NMI_ISR                                
0     003d967c  _ILLEGAL_ISR                            
0     003d9686  _USER1_ISR                              
0     003d9690  _USER2_ISR                              
0     003d969a  _USER3_ISR                              
0     003d96a4  _USER4_ISR                              
0     003d96ae  _USER5_ISR                              
0     003d96b8  _USER6_ISR                              
0     003d96c2  _USER7_ISR                              
0     003d96cc  _USER8_ISR                              
0     003d96d6  _USER9_ISR                              
0     003d96e0  _USER10_ISR                             
0     003d96ea  _USER11_ISR                             
0     003d96f4  _USER12_ISR                             
0     003d96fe  _ADCINT1_ISR                            
0     003d9708  _ADCINT2_ISR                            
0     003d9712  _XINT1_ISR                              
0     003d971c  _XINT2_ISR                              
0     003d9726  _ADCINT9_ISR                            
0     003d9730  _TINT0_ISR                              
0     003d973a  _WAKEINT_ISR                            
0     003d9744  _EPWM1_TZINT_ISR                        
0     003d974e  _EPWM2_TZINT_ISR                        
0     003d9758  _EPWM3_TZINT_ISR                        
0     003d9762  _EPWM4_TZINT_ISR                        
0     003d976c  _EPWM5_TZINT_ISR                        
0     003d9776  _EPWM6_TZINT_ISR                        
0     003d9780  _EPWM7_TZINT_ISR                        
0     003d978a  _EPWM8_TZINT_ISR                        
0     003d9794  _EPWM1_INT_ISR                          
0     003d979e  _EPWM2_INT_ISR                          
0     003d97a8  _EPWM3_INT_ISR                          
0     003d97b2  _EPWM4_INT_ISR                          
0     003d97bc  _EPWM5_INT_ISR                          
0     003d97c6  _EPWM6_INT_ISR                          
0     003d97d0  _EPWM7_INT_ISR                          
0     003d97da  _EPWM8_INT_ISR                          
0     003d97e4  _ECAP1_INT_ISR                          
0     003d97ee  _ECAP2_INT_ISR                          
0     003d97f8  _ECAP3_INT_ISR                          
0     003d9802  _HRCAP1_INT_ISR                         
0     003d980c  _HRCAP2_INT_ISR                         
0     003d9816  _EQEP1_INT_ISR                          
0     003d9820  _EQEP2_INT_ISR                          
0     003d982a  _HRCAP3_INT_ISR                         
0     003d9834  _HRCAP4_INT_ISR                         
0     003d983e  _USB0_INT_ISR                           
0     003d9848  _SPIRXINTA_ISR                          
0     003d9852  _SPITXINTA_ISR                          
0     003d985c  _SPIRXINTB_ISR                          
0     003d9866  _SPITXINTB_ISR                          
0     003d9870  _MRINTA_ISR                             
0     003d987a  _MXINTA_ISR                             
0     003d9884  _DINTCH1_ISR                            
0     003d988e  _DINTCH2_ISR                            
0     003d9898  _DINTCH3_ISR                            
0     003d98a2  _DINTCH4_ISR                            
0     003d98ac  _DINTCH5_ISR                            
0     003d98b6  _DINTCH6_ISR                            
0     003d98c0  _I2CINT1A_ISR                           
0     003d98ca  _I2CINT2A_ISR                           
0     003d98d4  _SCIRXINTA_ISR                          
0     003d98de  _SCITXINTA_ISR                          
0     003d98e8  _SCIRXINTB_ISR                          
0     003d98f2  _SCITXINTB_ISR                          
0     003d98fc  _ECAN0INTA_ISR                          
0     003d9906  _ECAN1INTA_ISR                          
0     003d9910  _ADCINT3_ISR                            
0     003d991a  _ADCINT4_ISR                            
0     003d9924  _ADCINT5_ISR                            
0     003d992e  _ADCINT6_ISR                            
0     003d9938  _ADCINT7_ISR                            
0     003d9942  _ADCINT8_ISR                            
0     003d994c  _CLA1_INT1_ISR                          
0     003d9956  _CLA1_INT2_ISR                          
0     003d9960  _CLA1_INT3_ISR                          
0     003d996a  _CLA1_INT4_ISR                          
0     003d9974  _CLA1_INT5_ISR                          
0     003d997e  _CLA1_INT6_ISR                          
0     003d9988  _CLA1_INT7_ISR                          
0     003d9992  _CLA1_INT8_ISR                          
0     003d999c  _XINT3_ISR                              
0     003d99a6  _LVF_ISR                                
0     003d99b0  _LUF_ISR                                
0     003d99ba  _EMPTY_ISR                              
0     003d99c7  _PIE_RESERVED                           
0     003d99d1  _rsvd_ISR                               
0     003d99db  _InitAdc                                
0     003d9a06  _InitAdcAio                             
0     003d9a28  _AdcOffsetSelfCal                       
0     003d9a4f  _AdcChanSelect                          
0     003d9ac4  _AdcConversion                          
0     003d9c15  _SPI_Init_Clocks                        
0     003d9c1c  _SPI_Init_GPIOs                         
0     003d9c29  _SPI_Init                               
0     003d9c95  _SPI_CS_Assert                          
0     003d9cae  _SPI_Set_CLKMode                        
0     003d9ce7  _SPI_Set_DataLength                     
0     003d9d05  _SPI_Set_Speed                          
0     003d9d1f  _SPI_Transmit_8bit                      
0     003d9d35  _SPI_Transmit_16bit                     
0     003d9d4b  _SPI_Transmit_32bit                     
0     003d9d67  _SPI_Receive_8bit                       
0     003d9d81  _SPI_Receive_16bit                      
0     003d9d89  _SPI_Receive_32bit                      
0     003d9db2  _SPI_TransmitReceive_16bit              
0     003d9dd5  _InitSysCtrl                            
0     003d9def  _ServiceDog                             
0     003d9df9  _DisableDog                             
0     003d9e01  _InitPll                                
0     003d9e56  _InitPll2                               
0     003d9e84  _InitPeripheralClocks                   
0     003d9eda  _CsmUnlock                              
0     003d9f0b  _IntOsc1Sel                             
0     003d9f1b  _IntOsc2Sel                             
0     003d9f2f  _XtalOscSel                             
0     003d9f4b  _ExtOscSel                              
0     003d9f61  _DeviceInit                             
0     003d9fea  _SetSCITMSmon                           
0     003da05f  _rt_OneStep                             
0     003da0dc  _main                                   
0     003da12d  _config_ADC_SOC0                        
0     003da15b  _config_ADC_SOC1                        
0     003da18b  _config_ADC_SOC2                        
0     003da1c3  _AMER_init                              
0     003da1da  _AMER_task_background                   
0     003da245  _AMER_task_adc                          
0     003da248  _AMER_task_1ms                          
0     003da24b  _AMER_task_1s                           
0     003da24c  FS$$DIV                                 
0     003da320  _MUCI_Recorder_Init                     
0     003da338  _MUCI_Recorder_Background               
0     003da353  _InitCpuTimers                          
0     003da38e  _ConfigCpuTimer                         
0     003da3c9  _c_int00                                
0     003da41f  _configureTimer0                        
0     003da458  _enableTimer0Interrupt                  
0     003da460  _disableTimer0Interrupt                 
0     003da46e  _CPLD_Init                              
0     003da481  _CPLD_DataExchange                      
0     003da4b5  _copy_in                                
0     003da4fb  _TINT0_isr                              
0     003da53f  _init_board                             
0     003da577  _ADCINT1_isr                            
0     003da5ae  _config_ePWM_GPIO                       
0     003da5dc  C$$EXIT                                 
0     003da5dc  _abort                                  
0     003da5de  _exit                                   
0     003da605  _InitPieCtrl                            
0     003da624  _EnableInterrupts                       
0     003da62d  _InitPieVectTable                       
0     003da653  _disableWatchdog                        
0     003da65e  _idletask_num1                          
0     003da661  _enable_interrupts                      
0     003da672  _configureGPIOExtInterrupt              
0     003da673  _enableExtInterrupt                     
0     003da674  _memcpy                                 
0     003da692  _MUCI_CalcCheckSum                      
0     003da6af  _MUCI_bsp_Reboot                        
0     003da6b6  _MUCI_bsp_CLEAR_FLASH_SECTOR            
0     003da6bc  _MUCI_bsp_PROGRAM_FLASH                 
0     003da6c3  _MUCI_bsp_READ_FLASH                    
0     003da6ca  _ddcopy                                 
0     003da6ca  _dpcopy                                 
0     003da6ca  _pdcopy                                 
0     003da6ca  _ppcopy                                 
0     003da6e4  __args_main                             
0     003da6fd  _globalInterruptEnable                  
0     003da701  _globalInterruptDisable                 
0     003da704  _c2000_flash_init                       
0     003da713  _InitTermVars                           
0     003da71c  __register_unlock                       
0     003da720  __register_lock                         
0     003da724  __nop                                   
0     003da72d  _bootloaderBackgroundTask               
0     003da72e  _bootloaderInit                         
0     003da72f  __system_pre_init                       
0     003da731  __system_post_cinit                     
0     003da732  ___etext__                              
0     003da732  _vars_misc                              
0     003da732  etext                                   
0     003da8d6  _error_descriptor                       
0     003dabe4  _PieVectTableInit                       
0     003dace4  _units                                  
0     003dad7a  _mainsm_descriptor                      
0     003dadd4  _min_set_datetm                         
0     003dadd5  _max_save_var                           
0     003dadd6  _max_set_datetm                         
0     003dadd7  _max_load_defv                          
0     003dadd8  _min_load_defv                          
0     003dadd9  _min_save_var                           
0     003dadda  _dev_mode                               
0     003daddb  _noofBBXch                              
0     003daddc  _en_fl_bbx                              
0     003daddd  _nr_tabs                                
0     003dadde  _mon_ver                                
0     003dade0  _Consy                                  
0     003dade2  _max_s_date                             
0     003dade4  _min_s_time                             
0     003dade6  _len_ehist                              
0     003dade8  _min_s_date                             
0     003dadea  _max_s_time                             
0     003dadec  _Controller_DSP_ConstP                  
0     003dae04  _Controller_DSP_rtZMeas_t               
0     003dae1c  _Controller_DSP_rtZCPLDOutput_t         
0     003dae2b  _tabtitle                               
0     003dae37  _Controller_DSP_rtZCPLDInput_t          
0     003dae40  _Controller_DSP_M                       
0     003dae42  _RamfuncsLoadStart                      
0     003daf48  _RamfuncsLoadEnd                        
0     003daf48  ___cinit__                              
0     003daf48  cinit                                   
1     00000050  __stack                                 
1     00000250  __STACK_END                             
1     00000880  _DevEmuRegs                             
1     00000985  _SysPwrCtrlRegs                         
1     00000a80  _FlashRegs                              
1     00000ae0  _CsmRegs                                
1     00000b00  _AdcResult                              
1     00000c00  _CpuTimer0Regs                          
1     00000c08  _CpuTimer1Regs                          
1     00000c10  _CpuTimer2Regs                          
1     00000ce0  _PieCtrlRegs                            
1     00000d00  _EmuKey                                 
1     00000d00  _PieVectTable                           
1     00000d01  _EmuBMode                               
1     00000d02  _Flash_CallbackPtr                      
1     00000d04  _Flash_CPUScaleFactor                   
1     00001000  _DmaRegs                                
1     00001400  _Cla1Regs                               
1     00004000  _Usb0Regs                               
1     00005000  _McbspaRegs                             
1     00006000  _ECanaRegs                              
1     00006040  _ECanaLAMRegs                           
1     00006080  _ECanaMOTSRegs                          
1     000060c0  _ECanaMOTORegs                          
1     00006100  _ECanaMboxes                            
1     00006400  _Comp1Regs                              
1     00006420  _Comp2Regs                              
1     00006440  _Comp3Regs                              
1     00006800  _EPwm1Regs                              
1     00006840  _EPwm2Regs                              
1     00006880  _EPwm3Regs                              
1     000068c0  _EPwm4Regs                              
1     00006900  _EPwm5Regs                              
1     00006940  _EPwm6Regs                              
1     00006980  _EPwm7Regs                              
1     000069c0  _EPwm8Regs                              
1     00006a00  _ECap1Regs                              
1     00006a20  _ECap2Regs                              
1     00006a40  _ECap3Regs                              
1     00006ac0  _HRCap1Regs                             
1     00006ae0  _HRCap2Regs                             
1     00006b00  _EQep1Regs                              
1     00006b40  _EQep2Regs                              
1     00006c80  _HRCap3Regs                             
1     00006ca0  _HRCap4Regs                             
1     00006f80  _GpioCtrlRegs                           
1     00006fc0  _GpioDataRegs                           
1     00006fe0  _GpioIntRegs                            
1     00007010  _SysCtrlRegs                            
1     00007040  _SpiaRegs                               
1     00007050  _SciaRegs                               
1     00007060  _NmiIntruptRegs                         
1     00007070  _XIntruptRegs                           
1     00007100  _AdcRegs                                
1     00007740  _SpibRegs                               
1     00007750  _ScibRegs                               
1     00007900  _I2caRegs                               
1     0000e000  .bss                                    
1     0000e000  .data                                   
1     0000e000  _MUCI_Data                              
1     0000e000  ___bss__                                
1     0000e000  ___data__                               
1     0000e000  ___edata__                              
1     0000e000  ___end__                                
1     0000e000  edata                                   
1     0000e000  end                                     
1     0000e002  _MUCI_DataCount                         
1     0000e040  _Send_Packet                            
1     0000e480  _Rec_Packet                             
1     0000e88a  _CpuTimer1                              
1     0000e892  _CpuTimer2                              
1     0000e89a  _CpuTimer0                              
1     0000e8a2  _save_var                               
1     0000e8a3  _load_defv                              
1     0000e8a4  _set_datetm                             
1     0000e8a5  _len_mainsm_descriptor                  
1     0000e8a6  _tabsize                                
1     0000e8a7  _len_error_descriptor                   
1     0000e8a8  _c_time                                 
1     0000e8aa  _c_date                                 
1     0000e8ac  _s_date                                 
1     0000e8ae  _tabptr                                 
1     0000e8b0  _BuildTime                              
1     0000e8b2  _f_samp                                 
1     0000e8b4  _s_time                                 
1     0000e8b6  _BuildDate                              
1     0000e8b8  _serial_nr                              
1     0000e8ba  ___TI_enable_exit_profile_output        
1     0000e8bc  ___TI_cleanup_ptr                       
1     0000e8be  ___TI_dtors_ptr                         
1     0000e8c0  _FieldWatchError                        
1     0000e8c2  _MUCI_RecorderLength                    
1     0000e8c4  _MUCI_RecorderParameter                 
1     0000e900  _MUCI_RecorderData                      
1     0000f100  _AdcStop                                
1     0000f101  _cnt_1s                                 
1     0000f102  _cnt_100ms                              
1     0000f103  _AdcStart                               
1     0000f104  _Status                                 
1     0000f106  _Encoder                                
1     0000f107  _Start                                  
1     0000f108  _CPLDOutBits                            
1     0000f109  _delay                                  
1     0000f10a  _A_I                                    
1     0000f10c  _Iref                                   
1     0000f10e  _A_P                                    
1     0000f110  _Controller_DSP_M_                      
1     0000f116  _CPLDIn                                 
1     0000f120  _Controller_DSP_DW                      
1     0000f12c  _CPLDOut                                
1     0000f140  _Controller_DSP_B                       
1     0000f150  _AnalogChA                              
1     0000f168  _Bridge3_Fault                          
1     0000f169  _Bridge2_Fault                          
1     0000f16a  _cpld_cnt                               
1     0000f16b  _Bridge4_Fault                          
1     0000f16c  _CPLDOutput                             
1     0000f16d  _Bridge1_Fault                          
1     0000f16e  _CPLDInput                              
1     0000f170  _CPLDSPI                                
1     0000f176  _MUCI_Config                            
1     0000f178  _MUCI_Counters                          
1     0000f17e  _SPIin                                  
1     0000f17f  _SPIout                                 
1     0000f180  _IsrOverrun                             
1     0000f181  _stopRequested                          
1     0000f182  _isRateRunning                          
1     0000f185  _need2runFlags                          
1     0000f188  _API_start_address                      
1     0000f18a  _copy_start_address                     
1     0000f18c  __lock                                  
1     0000f18e  __unlock                                
1     0000f190  _sci_ptr_terminal                       
1     003d7e80  _PartIdRegs                             
1     003f7ff8  _CsmPwl                                 
abs   00000200  __STACK_SIZE                            
abs   ffffffff  ___TI_pprof_out_hndl                    
abs   ffffffff  ___TI_prof_data_size                    
abs   ffffffff  ___TI_prof_data_start                   
abs   ffffffff  ___binit__                              
abs   ffffffff  ___c_args__                             
abs   ffffffff  ___pinit__                              
abs   ffffffff  binit                                   
abs   ffffffff  pinit                                   

[413 symbols]
