Copyright 1986-2018 Xilinx, Inc. All Rights Reserved.
---------------------------------------------------------------------------------------------
| Tool Version : Vivado v.2018.2.2 (win64) Build 2348494 Mon Oct  1 18:25:44 MDT 2018
| Date         : Fri Mar 27 15:05:28 2026
| Host         : LENI running 64-bit major release  (build 9200)
| Command      : report_control_sets -verbose -file design_1_wrapper_control_sets_placed.rpt
| Design       : design_1_wrapper
| Device       : xc7z010
---------------------------------------------------------------------------------------------

Control Set Information

Table of Contents
-----------------
1. Summary
2. Histogram
3. Flip-Flop Distribution
4. Detailed Control Set Information

1. Summary
----------

+----------------------------------------------------------+-------+
|                          Status                          | Count |
+----------------------------------------------------------+-------+
| Number of unique control sets                            |   219 |
| Unused register locations in slices containing registers |    96 |
+----------------------------------------------------------+-------+


2. Histogram
------------

+--------+--------------+
| Fanout | Control Sets |
+--------+--------------+
|      2 |            3 |
|      4 |            1 |
|      6 |            1 |
|      8 |            5 |
|     12 |            2 |
|     14 |            4 |
|    16+ |          203 |
+--------+--------------+


3. Flip-Flop Distribution
-------------------------

+--------------+-----------------------+------------------------+-----------------+--------------+
| Clock Enable | Synchronous Set/Reset | Asynchronous Set/Reset | Total Registers | Total Slices |
+--------------+-----------------------+------------------------+-----------------+--------------+
| No           | No                    | No                     |             650 |          171 |
| No           | No                    | Yes                    |             756 |          111 |
| No           | Yes                   | No                     |             172 |           31 |
| Yes          | No                    | No                     |            9910 |         3110 |
| Yes          | No                    | Yes                    |               0 |            0 |
| Yes          | Yes                   | No                     |             560 |           87 |
+--------------+-----------------------+------------------------+-----------------+--------------+


4. Detailed Control Set Information
-----------------------------------

+----------------------------------+-------------------------------------------------------------------------------------------------------+-----------------------------------------------------------------------------------------------------------------------------------+------------------+----------------+
|           Clock Signal           |                                             Enable Signal                                             |                                                          Set/Reset Signal                                                         | Slice Load Count | Bel Load Count |
+----------------------------------+-------------------------------------------------------------------------------------------------------+-----------------------------------------------------------------------------------------------------------------------------------+------------------+----------------+
|  design_1_i/clk_wiz_0/inst/clk   | design_1_i/mon_module_0/inst/Bus_Protocol/Serial_Send/UART_Tx_inst/TxShift_Reg[0]_i_1_n_0             | design_1_i/proc_sys_reset_0/U0/peripheral_reset[0]                                                                                |                1 |              2 |
|  design_1_i/clk_wiz_0/inst/clk   | design_1_i/ioexp_0/inst/sck_i_1_n_0                                                                   | design_1_i/proc_sys_reset_0/U0/peripheral_reset[0]                                                                                |                1 |              2 |
|  design_1_i/clk_wiz_0/inst/clk   | design_1_i/ioexp_0/inst/cs0_out                                                                       | design_1_i/proc_sys_reset_0/U0/peripheral_reset[0]                                                                                |                1 |              2 |
| ~design_1_i/clk_wiz_0/inst/clkx4 |                                                                                                       |                                                                                                                                   |                1 |              4 |
|  design_1_i/clk_wiz_0/inst/clkx4 |                                                                                                       |                                                                                                                                   |                2 |              6 |
|  design_1_i/clk_wiz_0/inst/clk   | design_1_i/mon_module_0/inst/Bus_Protocol/Serial_Receive/cmd_mng_address_reg[4]                       |                                                                                                                                   |                2 |              8 |
|  design_1_i/clk_wiz_0/inst/clk   | design_1_i/mon_module_0/inst/Bus_Protocol/Serial_Receive/UART_Rx_inst/rec_bit_num[3]_i_1_n_0          | design_1_i/proc_sys_reset_0/U0/peripheral_reset[0]                                                                                |                1 |              8 |
|  design_1_i/clk_wiz_0/inst/clk   | design_1_i/mon_module_0/inst/Bus_Protocol/Serial_Send/UART_Tx_inst/tr_bit_num                         | design_1_i/mon_module_0/inst/Bus_Protocol/Serial_Send/UART_Tx_inst/tr_bit_num[3]_i_1_n_0                                          |                1 |              8 |
|  design_1_i/clk_wiz_0/inst/clk   |                                                                                                       | design_1_i/proc_sys_reset_0/U0/EXT_LPF/lpf_int                                                                                    |                2 |              8 |
|  design_1_i/clk_wiz_0/inst/clk   | design_1_i/ioexp_0/inst/state                                                                         | design_1_i/proc_sys_reset_0/U0/peripheral_reset[0]                                                                                |                1 |              8 |
|  design_1_i/clk_wiz_0/inst/clk   | design_1_i/proc_sys_reset_0/U0/SEQ/seq_cnt_en                                                         | design_1_i/proc_sys_reset_0/U0/SEQ/SEQ_COUNTER/clear                                                                              |                2 |             12 |
|  design_1_i/clk_wiz_0/inst/clk   | design_1_i/mon_module_0/inst/Bus_Protocol/Serial_Send/UART_Tx_inst/send_state_reg[1]                  | design_1_i/mon_module_0/inst/Bus_Protocol/Serial_Send/UART_Tx_inst/send_state_reg[7]                                              |                2 |             12 |
|  design_1_i/clk_wiz_0/inst/clk   | design_1_i/mon_module_0/inst/Bus_Protocol/Serial_Receive/cmd_mng_address_reg[4]                       | design_1_i/mon_module_0/inst/Bus_Protocol/Serial_Receive/cmd_mng_address_reg[10]                                                  |                2 |             14 |
|  design_1_i/clk_wiz_0/inst/clk   | design_1_i/mon_module_0/inst/Bus_Protocol/Serial_Receive/bbx_start_address_reg[14][0]                 |                                                                                                                                   |                3 |             14 |
|  design_1_i/clk_wiz_0/inst/clk   | design_1_i/mon_module_0/inst/Bus_Protocol/Serial_Receive/bbx_start_address_reg[14][1]                 |                                                                                                                                   |                4 |             14 |
|  design_1_i/clk_wiz_0/inst/clk   | design_1_i/ioexp_0/inst/p_0_in[7]                                                                     | design_1_i/proc_sys_reset_0/U0/peripheral_reset[0]                                                                                |                2 |             14 |
|  design_1_i/clk_wiz_0/inst/clk   | design_1_i/mon_module_0/inst/Bus_Protocol/Serial_Receive/packet_len[7]_i_1_n_0                        | design_1_i/proc_sys_reset_0/U0/peripheral_reset[0]                                                                                |                2 |             16 |
|  design_1_i/clk_wiz_0/inst/clk   | design_1_i/mon_module_0/inst/Bus_Protocol/Serial_Receive/uart_address[7]_i_1_n_0                      | design_1_i/proc_sys_reset_0/U0/peripheral_reset[0]                                                                                |                4 |             16 |
|  design_1_i/clk_wiz_0/inst/clk   | design_1_i/mon_module_0/inst/Bus_Protocol/Serial_Receive/UART_Rx_inst/RxBuf0                          | design_1_i/proc_sys_reset_0/U0/peripheral_reset[0]                                                                                |                3 |             16 |
|  design_1_i/clk_wiz_0/inst/clk   | design_1_i/mon_module_0/inst/Bus_Protocol/Serial_Receive/UART_Rx_inst/RxShift_Reg_0                   |                                                                                                                                   |                3 |             16 |
|  design_1_i/clk_wiz_0/inst/clk   | design_1_i/mon_module_0/inst/Bus_Protocol/Serial_Send/UART_Tx_inst/TxBuf_Reg_0                        |                                                                                                                                   |                3 |             16 |
|  design_1_i/clk_wiz_0/inst/clk   | design_1_i/mon_module_0/inst/Bus_Protocol/Serial_Receive/UART_Rx_inst/uart_cmd_data_reg[0][0]         | design_1_i/proc_sys_reset_0/U0/peripheral_reset[0]                                                                                |                3 |             16 |
|  design_1_i/clk_wiz_0/inst/clk   | design_1_i/ioexp_0/inst/indata[7]_i_1_n_0                                                             | design_1_i/proc_sys_reset_0/U0/peripheral_reset[0]                                                                                |                1 |             16 |
|  design_1_i/clk_wiz_0/inst/clk   | design_1_i/ioexp_0/inst/shift_in_0                                                                    | design_1_i/proc_sys_reset_0/U0/peripheral_reset[0]                                                                                |                1 |             16 |
|  design_1_i/clk_wiz_0/inst/clk   | design_1_i/mon_module_0/inst/Bus_Protocol/Serial_Send/UART_Tx_inst/E[0]                               | design_1_i/proc_sys_reset_0/U0/peripheral_reset[0]                                                                                |                2 |             16 |
|  design_1_i/clk_wiz_0/inst/clk   | design_1_i/mon_module_0/inst/Bus_Protocol/Serial_Send/UART_Tx_inst/Data_Out_reg[0][0]                 |                                                                                                                                   |                4 |             16 |
|  design_1_i/clk_wiz_0/inst/clk   | design_1_i/mon_module_0/inst/Bus_Protocol/Serial_Send/UART_Tx_inst/E[1]                               | design_1_i/proc_sys_reset_0/U0/peripheral_reset[0]                                                                                |                2 |             16 |
|  design_1_i/clk_wiz_0/inst/clk   | design_1_i/mon_module_0/inst/Bus_Protocol/Serial_Send/UART_Tx_inst/cheksum_Data_Out_reg[0][0]         |                                                                                                                                   |                4 |             16 |
|  design_1_i/clk_wiz_0/inst/clk   | design_1_i/mon_module_0/inst/Bus_Protocol/Serial_Send/UART_Tx_inst/TxShift_Reg[8]_i_1_n_0             |                                                                                                                                   |                3 |             16 |
|  design_1_i/clk_wiz_0/inst/clk   | design_1_i/mon_module_0/inst/Bus_Protocol/Serial_Receive/data_from_pc_address_reg[26][0]              |                                                                                                                                   |                5 |             16 |
|  design_1_i/clk_wiz_0/inst/clk   | design_1_i/mon_module_0/inst/Bus_Protocol/Serial_Receive/data_from_pc_address_reg[26][3]              |                                                                                                                                   |                3 |             16 |
|  design_1_i/clk_wiz_0/inst/clk   | design_1_i/mon_module_0/inst/Bus_Protocol/Serial_Receive/data_counter_reg[14][1]                      |                                                                                                                                   |                2 |             16 |
|  design_1_i/clk_wiz_0/inst/clk   | design_1_i/mon_module_0/inst/Bus_Protocol/Serial_Receive/data_from_pc_address_reg[26][1]              |                                                                                                                                   |                6 |             16 |
|  design_1_i/clk_wiz_0/inst/clk   | design_1_i/mon_module_0/inst/Bus_Protocol/Serial_Receive/E[3]                                         |                                                                                                                                   |                1 |             16 |
|  design_1_i/clk_wiz_0/inst/clk   | design_1_i/mon_module_0/inst/Bus_Protocol/Serial_Receive/data_from_pc_address_reg[26][2]              |                                                                                                                                   |                5 |             16 |
|  design_1_i/clk_wiz_0/inst/clk   | design_1_i/mon_module_0/inst/Bus_Protocol/Serial_Receive/E[0]                                         |                                                                                                                                   |                3 |             16 |
|  design_1_i/clk_wiz_0/inst/clk   | design_1_i/mon_module_0/inst/Bus_Protocol/Serial_Receive/data_counter_reg[14][0]                      |                                                                                                                                   |                3 |             16 |
|  design_1_i/clk_wiz_0/inst/clk   | design_1_i/mon_module_0/inst/Bus_Protocol/Serial_Receive/E[1]                                         |                                                                                                                                   |                2 |             16 |
|  design_1_i/clk_wiz_0/inst/clk   | design_1_i/mon_module_0/inst/Bus_Protocol/Serial_Receive/E[2]                                         |                                                                                                                                   |                2 |             16 |
|  design_1_i/clk_wiz_0/inst/clk   | design_1_i/mon_module_0/inst/Bus_Protocol/Serial_Receive/key_reg[0][0]                                |                                                                                                                                   |                2 |             16 |
|  design_1_i/clk_wiz_0/inst/clk   | design_1_i/mon_module_0/inst/Bus_Protocol/Serial_Receive/tabtitle_len_reg[15][0]                      |                                                                                                                                   |                2 |             16 |
|  design_1_i/clk_wiz_0/inst/clk   | design_1_i/mon_module_0/inst/Bus_Protocol/Serial_Receive/tabtitle_len_reg[15][1]                      |                                                                                                                                   |                3 |             16 |
|  design_1_i/clk_wiz_0/inst/clk   | design_1_i/mon_module_0/inst/Bus_Protocol/Serial_Receive/mode_reg[0][0]                               |                                                                                                                                   |                1 |             16 |
|  design_1_i/clk_wiz_0/inst/clk   | design_1_i/mon_module_0/inst/Bus_Protocol/Serial_Receive/units_len_reg[15][0]                         |                                                                                                                                   |                2 |             16 |
|  design_1_i/clk_wiz_0/inst/clk   | design_1_i/mon_module_0/inst/Bus_Protocol/Serial_Receive/uart_send_data_reg[0][0]                     |                                                                                                                                   |                6 |             16 |
|  design_1_i/clk_wiz_0/inst/clk   | design_1_i/mon_module_0/inst/Bus_Protocol/Serial_Receive/units_len_reg[15][1]                         |                                                                                                                                   |                2 |             16 |
|  design_1_i/clk_wiz_0/inst/clk   | design_1_i/mon_module_0/inst/Bus_Protocol/Serial_Receive/len_reg[8]                                   |                                                                                                                                   |                1 |             16 |
|  design_1_i/clk_wiz_0/inst/clk   | design_1_i/mon_module_0/inst/Bus_Protocol/Serial_Receive/data_len_reg[8]                              |                                                                                                                                   |                2 |             16 |
|  design_1_i/clk_wiz_0/inst/clk   | design_1_i/mon_module_0/inst/Bus_Protocol/Serial_Receive/data_len_reg[8]                              | design_1_i/mon_module_0/inst/Bus_Protocol/Serial_Receive/data_len_reg[15]                                                         |                2 |             16 |
|  design_1_i/clk_wiz_0/inst/clk   | design_1_i/mon_module_0/inst/Bus_Protocol/Serial_Receive/len_reg[0]                                   |                                                                                                                                   |                4 |             16 |
|  design_1_i/clk_wiz_0/inst/clk   | design_1_i/mon_module_0/inst/Bus_Protocol/Serial_Receive/packet_len[15]_i_1_n_0                       | design_1_i/proc_sys_reset_0/U0/peripheral_reset[0]                                                                                |                3 |             16 |
|  design_1_i/clk_wiz_0/inst/clk   | design_1_i/mon_module_0/inst/Bus_Protocol/Serial_Receive/alma_reg[1]_rep__1_0                         | design_1_i/mon_module_0/inst/Bus_Protocol/Serial_Receive/alma_reg[1]_rep__1                                                       |                3 |             18 |
|  design_1_i/clk_wiz_0/inst/clk   | design_1_i/mon_module_0/inst/Bus_Protocol/Serial_Receive/uart_send_pos_reg[0][0]                      |                                                                                                                                   |                8 |             22 |
|  design_1_i/clk_wiz_0/inst/clk   | design_1_i/mon_module_0/inst/Bus_Protocol/Serial_Send/UART_Tx_inst/uart_cmd_pos_reg[0][0]             |                                                                                                                                   |                6 |             22 |
|  design_1_i/clk_wiz_0/inst/clk   | design_1_i/mon_module_0/inst/Bus_Protocol/Serial_Receive/UART_Rx_inst/E[0]                            | design_1_i/proc_sys_reset_0/U0/peripheral_reset[0]                                                                                |                6 |             22 |
|  design_1_i/clk_wiz_0/inst/clk   | design_1_i/mon_module_0/inst/bbx_pretrigger[11]_i_1_n_0                                               |                                                                                                                                   |                3 |             24 |
|  design_1_i/clk_wiz_0/inst/clk   | design_1_i/mon_module_0/inst/Bus_Protocol/Serial_Receive/BBX_Addr_pc_reg[0][0]                        |                                                                                                                                   |                6 |             28 |
|  design_1_i/clk_wiz_0/inst/clk   | design_1_i/mon_module_0/inst/Bus_Protocol/Serial_Receive/UART_Rx_inst/rec_counter[14]_i_2_n_0         | design_1_i/mon_module_0/inst/Bus_Protocol/Serial_Receive/UART_Rx_inst/rec_counter[14]_i_1_n_0                                     |                4 |             28 |
|  design_1_i/clk_wiz_0/inst/clk   | design_1_i/mon_module_0/inst/Bus_Protocol/Serial_Receive/bbx_address_reg[0][0]                        |                                                                                                                                   |               10 |             28 |
|  design_1_i/clk_wiz_0/inst/clk   | design_1_i/mon_module_0/inst/BBX_MPX_Ch3/bbx_state_reg[2]                                             | design_1_i/mon_module_0/inst/BBX_MPX_Ch3/bbx_state_reg[2]_0                                                                       |                2 |             28 |
|  design_1_i/clk_wiz_0/inst/clk   |                                                                                                       | design_1_i/mon_module_0/inst/FPGA_Addr_next[15]_i_1_n_0                                                                           |                4 |             30 |
|  design_1_i/clk_wiz_0/inst/clk   | design_1_i/mon_module_0/inst/Bus_Protocol/Serial_Receive/vars_len_reg[0][0]                           |                                                                                                                                   |                5 |             30 |
|  design_1_i/clk_wiz_0/inst/clk   | design_1_i/mon_module_0/inst/Bus_Protocol/Serial_Receive/vars_counter_reg[1]                          | design_1_i/mon_module_0/inst/Bus_Protocol/Serial_Receive/vars_counter_reg[15]                                                     |                4 |             30 |
|  design_1_i/clk_wiz_0/inst/clk   |                                                                                                       | design_1_i/RLUb_HIL_ip_0/U0/u_RLUb_HIL_ip_dut_inst/u_RLUb_HIL_ip_src_RLUb_HIL/u_SignalMUX/alpha_reg_8[1]_i_1_n_0                  |                5 |             32 |
|  design_1_i/clk_wiz_0/inst/clk   | design_1_i/mon_module_0/inst/bbx_state_tmp[15]_i_1_n_0                                                |                                                                                                                                   |                2 |             32 |
|  design_1_i/clk_wiz_0/inst/clk   | design_1_i/mon_module_0/inst/bbx_tnow[15]_i_2_n_0                                                     | design_1_i/mon_module_0/inst/bbx_tnow[15]_i_1_n_0                                                                                 |                3 |             32 |
|  design_1_i/clk_wiz_0/inst/clk   | design_1_i/mon_module_0/inst/bbx_tlevel_type[15]_i_1_n_0                                              |                                                                                                                                   |                2 |             32 |
|  design_1_i/clk_wiz_0/inst/clk   | design_1_i/mon_module_0/inst/Bus_Protocol/Serial_Receive/Calc_CHKSUM/uart_crc_reg[0]                  | design_1_i/mon_module_0/inst/Bus_Protocol/Serial_Receive/UART_Rx_inst/uart_crc_reg[0]                                             |                3 |             32 |
|  design_1_i/clk_wiz_0/inst/clk   | design_1_i/mon_module_0/inst/Bus_Protocol/Serial_Receive/Calc_CHKSUM/FSM_onehot_Chk_State_reg_n_0_[1] | design_1_i/proc_sys_reset_0/U0/peripheral_reset[0]                                                                                |                3 |             32 |
|  design_1_i/clk_wiz_0/inst/clk   | design_1_i/mon_module_0/inst/bbx_trig_delay                                                           |                                                                                                                                   |                5 |             32 |
|  design_1_i/clk_wiz_0/inst/clk   | design_1_i/mon_module_0/inst/Bus_Protocol/Serial_Send/Calc_CHKSUM/FSM_onehot_Chk_State_reg_n_0_[1]    | design_1_i/proc_sys_reset_0/U0/peripheral_reset[0]                                                                                |                7 |             32 |
|  design_1_i/clk_wiz_0/inst/clk   | design_1_i/mon_module_0/inst/FPGA_Data_In[15]_i_1_n_0                                                 | design_1_i/mon_module_0/inst/FPGA_Data_In[31]_i_1_n_0                                                                             |                9 |             32 |
|  design_1_i/clk_wiz_0/inst/clk   | design_1_i/mon_module_0/inst/FPGA_Data_In[15]_i_1_n_0                                                 |                                                                                                                                   |                4 |             32 |
|  design_1_i/clk_wiz_0/inst/clk   | design_1_i/mon_module_0/inst/Bus_Protocol/Serial_Send/Calc_CHKSUM/E[0]                                | design_1_i/proc_sys_reset_0/U0/peripheral_reset[0]                                                                                |                6 |             32 |
|  design_1_i/clk_wiz_0/inst/clk   | design_1_i/mon_module_0/inst/bbx_trig_slope[15]_i_1_n_0                                               |                                                                                                                                   |                3 |             32 |
|  design_1_i/clk_wiz_0/inst/clk   | design_1_i/mon_module_0/inst/BBX_MPX_Ch3/E[0]                                                         |                                                                                                                                   |                3 |             48 |
|  design_1_i/clk_wiz_0/inst/clk   | design_1_i/mon_module_0/inst/param83[31]_i_1_n_0                                                      |                                                                                                                                   |               23 |             64 |
|  design_1_i/clk_wiz_0/inst/clk   | design_1_i/mon_module_0/inst/param92[31]_i_1_n_0                                                      |                                                                                                                                   |               21 |             64 |
|  design_1_i/clk_wiz_0/inst/clk   | design_1_i/mon_module_0/inst/param76[31]_i_1_n_0                                                      |                                                                                                                                   |               24 |             64 |
|  design_1_i/clk_wiz_0/inst/clk   | design_1_i/mon_module_0/inst/param90[31]_i_1_n_0                                                      |                                                                                                                                   |               25 |             64 |
|  design_1_i/clk_wiz_0/inst/clk   |                                                                                                       | design_1_i/mon_module_0/inst/bbx_div[0]_i_1_n_0                                                                                   |                8 |             64 |
|  design_1_i/clk_wiz_0/inst/clk   | design_1_i/mon_module_0/inst/param74[31]_i_1_n_0                                                      |                                                                                                                                   |               22 |             64 |
|  design_1_i/clk_wiz_0/inst/clk   | design_1_i/mon_module_0/inst/Bus_Protocol/Serial_Receive/data_from_pc_address_tmp_reg[0][0]           |                                                                                                                                   |                9 |             64 |
|  design_1_i/clk_wiz_0/inst/clk   | design_1_i/mon_module_0/inst/param79[31]_i_1_n_0                                                      |                                                                                                                                   |               26 |             64 |
|  design_1_i/clk_wiz_0/inst/clk   | design_1_i/mon_module_0/inst/bbx_trig_level[31]_i_1_n_0                                               |                                                                                                                                   |                6 |             64 |
|  design_1_i/clk_wiz_0/inst/clk   | design_1_i/mon_module_0/inst/bbx_sample_time[31]_i_1_n_0                                              |                                                                                                                                   |                9 |             64 |
|  design_1_i/clk_wiz_0/inst/clk   | design_1_i/mon_module_0/inst/param122[31]_i_1_n_0                                                     |                                                                                                                                   |               19 |             64 |
|  design_1_i/clk_wiz_0/inst/clk   | design_1_i/mon_module_0/inst/param95[31]_i_1_n_0                                                      |                                                                                                                                   |               24 |             64 |
|  design_1_i/clk_wiz_0/inst/clk   | design_1_i/mon_module_0/inst/param118[31]_i_1_n_0                                                     |                                                                                                                                   |               20 |             64 |
|  design_1_i/clk_wiz_0/inst/clk   | design_1_i/mon_module_0/inst/param116[31]_i_1_n_0                                                     |                                                                                                                                   |               21 |             64 |
|  design_1_i/clk_wiz_0/inst/clk   | design_1_i/mon_module_0/inst/param105[31]_i_1_n_0                                                     |                                                                                                                                   |               23 |             64 |
|  design_1_i/clk_wiz_0/inst/clk   | design_1_i/mon_module_0/inst/param113[31]_i_1_n_0                                                     |                                                                                                                                   |               23 |             64 |
|  design_1_i/clk_wiz_0/inst/clk   | design_1_i/mon_module_0/inst/param11[31]_i_1_n_0                                                      |                                                                                                                                   |               15 |             64 |
|  design_1_i/clk_wiz_0/inst/clk   | design_1_i/mon_module_0/inst/param120[31]_i_1_n_0                                                     |                                                                                                                                   |               19 |             64 |
|  design_1_i/clk_wiz_0/inst/clk   | design_1_i/mon_module_0/inst/param115[31]_i_1_n_0                                                     |                                                                                                                                   |               21 |             64 |
|  design_1_i/clk_wiz_0/inst/clk   | design_1_i/mon_module_0/inst/param114[31]_i_1_n_0                                                     |                                                                                                                                   |               21 |             64 |
|  design_1_i/clk_wiz_0/inst/clk   | design_1_i/mon_module_0/inst/param104[31]_i_1_n_0                                                     |                                                                                                                                   |               23 |             64 |
|  design_1_i/clk_wiz_0/inst/clk   | design_1_i/mon_module_0/inst/param106[31]_i_1_n_0                                                     |                                                                                                                                   |               29 |             64 |
|  design_1_i/clk_wiz_0/inst/clk   | design_1_i/mon_module_0/inst/param109[31]_i_1_n_0                                                     |                                                                                                                                   |               22 |             64 |
|  design_1_i/clk_wiz_0/inst/clk   | design_1_i/mon_module_0/inst/param102[31]_i_1_n_0                                                     |                                                                                                                                   |               29 |             64 |
|  design_1_i/clk_wiz_0/inst/clk   | design_1_i/mon_module_0/inst/param100[31]_i_1_n_0                                                     |                                                                                                                                   |               24 |             64 |
|  design_1_i/clk_wiz_0/inst/clk   | design_1_i/mon_module_0/inst/param112[31]_i_1_n_0                                                     |                                                                                                                                   |               24 |             64 |
|  design_1_i/clk_wiz_0/inst/clk   | design_1_i/mon_module_0/inst/param123[31]_i_1_n_0                                                     |                                                                                                                                   |               20 |             64 |
|  design_1_i/clk_wiz_0/inst/clk   | design_1_i/mon_module_0/inst/param0[31]_i_1_n_0                                                       |                                                                                                                                   |               11 |             64 |
|  design_1_i/clk_wiz_0/inst/clk   | design_1_i/mon_module_0/inst/param10[31]_i_1_n_0                                                      |                                                                                                                                   |               20 |             64 |
|  design_1_i/clk_wiz_0/inst/clk   | design_1_i/mon_module_0/inst/param111[31]_i_1_n_0                                                     |                                                                                                                                   |               28 |             64 |
|  design_1_i/clk_wiz_0/inst/clk   | design_1_i/mon_module_0/inst/param119[31]_i_1_n_0                                                     |                                                                                                                                   |               18 |             64 |
|  design_1_i/clk_wiz_0/inst/clk   | design_1_i/mon_module_0/inst/param121[31]_i_1_n_0                                                     |                                                                                                                                   |               25 |             64 |
|  design_1_i/clk_wiz_0/inst/clk   | design_1_i/mon_module_0/inst/param107[31]_i_1_n_0                                                     |                                                                                                                                   |               26 |             64 |
|  design_1_i/clk_wiz_0/inst/clk   | design_1_i/mon_module_0/inst/param13[31]_i_1_n_0                                                      |                                                                                                                                   |               12 |             64 |
|  design_1_i/clk_wiz_0/inst/clk   | design_1_i/mon_module_0/inst/param124[31]_i_1_n_0                                                     |                                                                                                                                   |               20 |             64 |
|  design_1_i/clk_wiz_0/inst/clk   | design_1_i/mon_module_0/inst/param101[31]_i_1_n_0                                                     |                                                                                                                                   |               26 |             64 |
|  design_1_i/clk_wiz_0/inst/clk   | design_1_i/mon_module_0/inst/param125[31]_i_1_n_0                                                     |                                                                                                                                   |               19 |             64 |
|  design_1_i/clk_wiz_0/inst/clk   | design_1_i/mon_module_0/inst/param103[31]_i_1_n_0                                                     |                                                                                                                                   |               27 |             64 |
|  design_1_i/clk_wiz_0/inst/clk   | design_1_i/mon_module_0/inst/param110[31]_i_1_n_0                                                     |                                                                                                                                   |               23 |             64 |
|  design_1_i/clk_wiz_0/inst/clk   | design_1_i/mon_module_0/inst/param108[31]_i_1_n_0                                                     |                                                                                                                                   |               22 |             64 |
|  design_1_i/clk_wiz_0/inst/clk   | design_1_i/mon_module_0/inst/param117[31]_i_1_n_0                                                     |                                                                                                                                   |               18 |             64 |
|  design_1_i/clk_wiz_0/inst/clk   | design_1_i/mon_module_0/inst/param31[31]_i_1_n_0                                                      |                                                                                                                                   |               27 |             64 |
|  design_1_i/clk_wiz_0/inst/clk   | design_1_i/mon_module_0/inst/param34[31]_i_1_n_0                                                      |                                                                                                                                   |               21 |             64 |
|  design_1_i/clk_wiz_0/inst/clk   | design_1_i/mon_module_0/inst/param40[31]_i_1_n_0                                                      |                                                                                                                                   |               18 |             64 |
|  design_1_i/clk_wiz_0/inst/clk   | design_1_i/mon_module_0/inst/param1[31]_i_1_n_0                                                       |                                                                                                                                   |               17 |             64 |
|  design_1_i/clk_wiz_0/inst/clk   | design_1_i/mon_module_0/inst/param2[31]_i_1_n_0                                                       |                                                                                                                                   |               17 |             64 |
|  design_1_i/clk_wiz_0/inst/clk   | design_1_i/mon_module_0/inst/param30[31]_i_1_n_0                                                      |                                                                                                                                   |               24 |             64 |
|  design_1_i/clk_wiz_0/inst/clk   | design_1_i/mon_module_0/inst/param33[31]_i_1_n_0                                                      |                                                                                                                                   |               20 |             64 |
|  design_1_i/clk_wiz_0/inst/clk   | design_1_i/mon_module_0/inst/param18[31]_i_1_n_0                                                      |                                                                                                                                   |               25 |             64 |
|  design_1_i/clk_wiz_0/inst/clk   | design_1_i/mon_module_0/inst/param32[31]_i_1_n_0                                                      |                                                                                                                                   |               18 |             64 |
|  design_1_i/clk_wiz_0/inst/clk   | design_1_i/mon_module_0/inst/param12[31]_i_1_n_0                                                      |                                                                                                                                   |               15 |             64 |
|  design_1_i/clk_wiz_0/inst/clk   | design_1_i/mon_module_0/inst/param21[31]_i_1_n_0                                                      |                                                                                                                                   |               23 |             64 |
|  design_1_i/clk_wiz_0/inst/clk   | design_1_i/mon_module_0/inst/param35[31]_i_1_n_0                                                      |                                                                                                                                   |               20 |             64 |
|  design_1_i/clk_wiz_0/inst/clk   | design_1_i/mon_module_0/inst/param36[31]_i_1_n_0                                                      |                                                                                                                                   |               16 |             64 |
|  design_1_i/clk_wiz_0/inst/clk   | design_1_i/mon_module_0/inst/param38[31]_i_1_n_0                                                      |                                                                                                                                   |               17 |             64 |
|  design_1_i/clk_wiz_0/inst/clk   | design_1_i/mon_module_0/inst/param39[31]_i_1_n_0                                                      |                                                                                                                                   |               20 |             64 |
|  design_1_i/clk_wiz_0/inst/clk   | design_1_i/mon_module_0/inst/param3[31]_i_1_n_0                                                       |                                                                                                                                   |               19 |             64 |
|  design_1_i/clk_wiz_0/inst/clk   | design_1_i/mon_module_0/inst/param22[31]_i_1_n_0                                                      |                                                                                                                                   |               26 |             64 |
|  design_1_i/clk_wiz_0/inst/clk   | design_1_i/mon_module_0/inst/param28[31]_i_1_n_0                                                      |                                                                                                                                   |               27 |             64 |
|  design_1_i/clk_wiz_0/inst/clk   | design_1_i/mon_module_0/inst/param37[31]_i_1_n_0                                                      |                                                                                                                                   |               21 |             64 |
|  design_1_i/clk_wiz_0/inst/clk   | design_1_i/mon_module_0/inst/param19[31]_i_1_n_0                                                      |                                                                                                                                   |               21 |             64 |
|  design_1_i/clk_wiz_0/inst/clk   | design_1_i/mon_module_0/inst/param26[31]_i_1_n_0                                                      |                                                                                                                                   |               26 |             64 |
|  design_1_i/clk_wiz_0/inst/clk   | design_1_i/mon_module_0/inst/param126[31]_i_1_n_0                                                     |                                                                                                                                   |               22 |             64 |
|  design_1_i/clk_wiz_0/inst/clk   | design_1_i/mon_module_0/inst/param127[31]_i_1_n_0                                                     |                                                                                                                                   |               19 |             64 |
|  design_1_i/clk_wiz_0/inst/clk   | design_1_i/mon_module_0/inst/param25[31]_i_1_n_0                                                      |                                                                                                                                   |               23 |             64 |
|  design_1_i/clk_wiz_0/inst/clk   | design_1_i/mon_module_0/inst/param17[31]_i_1_n_0                                                      |                                                                                                                                   |               26 |             64 |
|  design_1_i/clk_wiz_0/inst/clk   | design_1_i/mon_module_0/inst/param29[31]_i_1_n_0                                                      |                                                                                                                                   |               23 |             64 |
|  design_1_i/clk_wiz_0/inst/clk   | design_1_i/mon_module_0/inst/param20[31]_i_1_n_0                                                      |                                                                                                                                   |               26 |             64 |
|  design_1_i/clk_wiz_0/inst/clk   | design_1_i/mon_module_0/inst/param16[31]_i_1_n_0                                                      |                                                                                                                                   |               27 |             64 |
|  design_1_i/clk_wiz_0/inst/clk   | design_1_i/mon_module_0/inst/param24[31]_i_1_n_0                                                      |                                                                                                                                   |               24 |             64 |
|  design_1_i/clk_wiz_0/inst/clk   | design_1_i/mon_module_0/inst/param23[31]_i_1_n_0                                                      |                                                                                                                                   |               26 |             64 |
|  design_1_i/clk_wiz_0/inst/clk   | design_1_i/mon_module_0/inst/param15[31]_i_1_n_0                                                      |                                                                                                                                   |               16 |             64 |
|  design_1_i/clk_wiz_0/inst/clk   | design_1_i/mon_module_0/inst/param14[31]_i_1_n_0                                                      |                                                                                                                                   |               16 |             64 |
|  design_1_i/clk_wiz_0/inst/clk   | design_1_i/mon_module_0/inst/param27[31]_i_1_n_0                                                      |                                                                                                                                   |               26 |             64 |
|  design_1_i/clk_wiz_0/inst/clk   | design_1_i/mon_module_0/inst/param54[31]_i_1_n_0                                                      |                                                                                                                                   |               25 |             64 |
|  design_1_i/clk_wiz_0/inst/clk   | design_1_i/mon_module_0/inst/param49[31]_i_1_n_0                                                      |                                                                                                                                   |               24 |             64 |
|  design_1_i/clk_wiz_0/inst/clk   | design_1_i/mon_module_0/inst/param47[31]_i_1_n_0                                                      |                                                                                                                                   |               21 |             64 |
|  design_1_i/clk_wiz_0/inst/clk   | design_1_i/mon_module_0/inst/param68[31]_i_1_n_0                                                      |                                                                                                                                   |               24 |             64 |
|  design_1_i/clk_wiz_0/inst/clk   | design_1_i/mon_module_0/inst/param63[31]_i_1_n_0                                                      |                                                                                                                                   |               21 |             64 |
|  design_1_i/clk_wiz_0/inst/clk   | design_1_i/mon_module_0/inst/param42[31]_i_1_n_0                                                      |                                                                                                                                   |               20 |             64 |
|  design_1_i/clk_wiz_0/inst/clk   | design_1_i/mon_module_0/inst/param66[31]_i_1_n_0                                                      |                                                                                                                                   |               26 |             64 |
|  design_1_i/clk_wiz_0/inst/clk   | design_1_i/mon_module_0/inst/param70[31]_i_1_n_0                                                      |                                                                                                                                   |               24 |             64 |
|  design_1_i/clk_wiz_0/inst/clk   | design_1_i/mon_module_0/inst/param72[31]_i_1_n_0                                                      |                                                                                                                                   |               25 |             64 |
|  design_1_i/clk_wiz_0/inst/clk   | design_1_i/mon_module_0/inst/param65[31]_i_1_n_0                                                      |                                                                                                                                   |               26 |             64 |
|  design_1_i/clk_wiz_0/inst/clk   | design_1_i/mon_module_0/inst/param71[31]_i_1_n_0                                                      |                                                                                                                                   |               22 |             64 |
|  design_1_i/clk_wiz_0/inst/clk   | design_1_i/mon_module_0/inst/param58[31]_i_1_n_0                                                      |                                                                                                                                   |               21 |             64 |
|  design_1_i/clk_wiz_0/inst/clk   | design_1_i/mon_module_0/inst/param73[31]_i_1_n_0                                                      |                                                                                                                                   |               26 |             64 |
|  design_1_i/clk_wiz_0/inst/clk   | design_1_i/mon_module_0/inst/param67[31]_i_1_n_0                                                      |                                                                                                                                   |               23 |             64 |
|  design_1_i/clk_wiz_0/inst/clk   | design_1_i/mon_module_0/inst/param50[31]_i_1_n_0                                                      |                                                                                                                                   |               19 |             64 |
|  design_1_i/clk_wiz_0/inst/clk   | design_1_i/mon_module_0/inst/param55[31]_i_1_n_0                                                      |                                                                                                                                   |               22 |             64 |
|  design_1_i/clk_wiz_0/inst/clk   | design_1_i/mon_module_0/inst/param61[31]_i_1_n_0                                                      |                                                                                                                                   |               22 |             64 |
|  design_1_i/clk_wiz_0/inst/clk   | design_1_i/mon_module_0/inst/param69[31]_i_1_n_0                                                      |                                                                                                                                   |               24 |             64 |
|  design_1_i/clk_wiz_0/inst/clk   | design_1_i/mon_module_0/inst/param48[31]_i_1_n_0                                                      |                                                                                                                                   |               21 |             64 |
|  design_1_i/clk_wiz_0/inst/clk   | design_1_i/mon_module_0/inst/param53[31]_i_1_n_0                                                      |                                                                                                                                   |               24 |             64 |
|  design_1_i/clk_wiz_0/inst/clk   | design_1_i/mon_module_0/inst/param64[31]_i_1_n_0                                                      |                                                                                                                                   |               26 |             64 |
|  design_1_i/clk_wiz_0/inst/clk   | design_1_i/mon_module_0/inst/param4[31]_i_1_n_0                                                       |                                                                                                                                   |               19 |             64 |
|  design_1_i/clk_wiz_0/inst/clk   | design_1_i/mon_module_0/inst/param6[31]_i_1_n_0                                                       |                                                                                                                                   |               15 |             64 |
|  design_1_i/clk_wiz_0/inst/clk   | design_1_i/mon_module_0/inst/param57[31]_i_1_n_0                                                      |                                                                                                                                   |               25 |             64 |
|  design_1_i/clk_wiz_0/inst/clk   | design_1_i/mon_module_0/inst/param45[31]_i_1_n_0                                                      |                                                                                                                                   |               23 |             64 |
|  design_1_i/clk_wiz_0/inst/clk   | design_1_i/mon_module_0/inst/param60[31]_i_1_n_0                                                      |                                                                                                                                   |               25 |             64 |
|  design_1_i/clk_wiz_0/inst/clk   | design_1_i/mon_module_0/inst/param41[31]_i_1_n_0                                                      |                                                                                                                                   |               20 |             64 |
|  design_1_i/clk_wiz_0/inst/clk   | design_1_i/mon_module_0/inst/param46[31]_i_1_n_0                                                      |                                                                                                                                   |               19 |             64 |
|  design_1_i/clk_wiz_0/inst/clk   | design_1_i/mon_module_0/inst/param51[31]_i_1_n_0                                                      |                                                                                                                                   |               22 |             64 |
|  design_1_i/clk_wiz_0/inst/clk   | design_1_i/mon_module_0/inst/param44[31]_i_1_n_0                                                      |                                                                                                                                   |               19 |             64 |
|  design_1_i/clk_wiz_0/inst/clk   | design_1_i/mon_module_0/inst/param59[31]_i_1_n_0                                                      |                                                                                                                                   |               24 |             64 |
|  design_1_i/clk_wiz_0/inst/clk   | design_1_i/mon_module_0/inst/param5[31]_i_1_n_0                                                       |                                                                                                                                   |               17 |             64 |
|  design_1_i/clk_wiz_0/inst/clk   | design_1_i/mon_module_0/inst/param56[31]_i_1_n_0                                                      |                                                                                                                                   |               23 |             64 |
|  design_1_i/clk_wiz_0/inst/clk   | design_1_i/mon_module_0/inst/param52[31]_i_1_n_0                                                      |                                                                                                                                   |               22 |             64 |
|  design_1_i/clk_wiz_0/inst/clk   | design_1_i/mon_module_0/inst/param62[31]_i_1_n_0                                                      |                                                                                                                                   |               23 |             64 |
|  design_1_i/clk_wiz_0/inst/clk   | design_1_i/mon_module_0/inst/param94[31]_i_1_n_0                                                      |                                                                                                                                   |               22 |             64 |
|  design_1_i/clk_wiz_0/inst/clk   | design_1_i/mon_module_0/inst/param80[31]_i_1_n_0                                                      |                                                                                                                                   |               22 |             64 |
|  design_1_i/clk_wiz_0/inst/clk   | design_1_i/mon_module_0/inst/param87[31]_i_1_n_0                                                      |                                                                                                                                   |               21 |             64 |
|  design_1_i/clk_wiz_0/inst/clk   | design_1_i/mon_module_0/inst/param84[31]_i_1_n_0                                                      |                                                                                                                                   |               23 |             64 |
|  design_1_i/clk_wiz_0/inst/clk   | design_1_i/mon_module_0/inst/param43[31]_i_1_n_0                                                      |                                                                                                                                   |               20 |             64 |
|  design_1_i/clk_wiz_0/inst/clk   | design_1_i/mon_module_0/inst/param7[31]_i_1_n_0                                                       |                                                                                                                                   |               14 |             64 |
|  design_1_i/clk_wiz_0/inst/clk   | design_1_i/mon_module_0/inst/param82[31]_i_1_n_0                                                      |                                                                                                                                   |               21 |             64 |
|  design_1_i/clk_wiz_0/inst/clk   | design_1_i/mon_module_0/inst/param89[31]_i_1_n_0                                                      |                                                                                                                                   |               21 |             64 |
|  design_1_i/clk_wiz_0/inst/clk   | design_1_i/mon_module_0/inst/param9[31]_i_1_n_0                                                       |                                                                                                                                   |               14 |             64 |
|  design_1_i/clk_wiz_0/inst/clk   | design_1_i/mon_module_0/inst/param88[31]_i_1_n_0                                                      |                                                                                                                                   |               20 |             64 |
|  design_1_i/clk_wiz_0/inst/clk   | design_1_i/mon_module_0/inst/param91[31]_i_1_n_0                                                      |                                                                                                                                   |               23 |             64 |
|  design_1_i/clk_wiz_0/inst/clk   | design_1_i/mon_module_0/inst/param96[31]_i_1_n_0                                                      |                                                                                                                                   |               26 |             64 |
|  design_1_i/clk_wiz_0/inst/clk   | design_1_i/mon_module_0/inst/param85[31]_i_1_n_0                                                      |                                                                                                                                   |               22 |             64 |
|  design_1_i/clk_wiz_0/inst/clk   | design_1_i/mon_module_0/inst/param77[31]_i_1_n_0                                                      |                                                                                                                                   |               22 |             64 |
|  design_1_i/clk_wiz_0/inst/clk   | design_1_i/mon_module_0/inst/param8[31]_i_1_n_0                                                       |                                                                                                                                   |               16 |             64 |
|  design_1_i/clk_wiz_0/inst/clk   | design_1_i/mon_module_0/inst/param93[31]_i_1_n_0                                                      |                                                                                                                                   |               24 |             64 |
|  design_1_i/clk_wiz_0/inst/clk   | design_1_i/mon_module_0/inst/param81[31]_i_1_n_0                                                      |                                                                                                                                   |               25 |             64 |
|  design_1_i/clk_wiz_0/inst/clk   | design_1_i/mon_module_0/inst/param97[31]_i_1_n_0                                                      |                                                                                                                                   |               26 |             64 |
|  design_1_i/clk_wiz_0/inst/clk   | design_1_i/mon_module_0/inst/param98[31]_i_1_n_0                                                      |                                                                                                                                   |               21 |             64 |
|  design_1_i/clk_wiz_0/inst/clk   | design_1_i/mon_module_0/inst/param75[31]_i_1_n_0                                                      |                                                                                                                                   |               28 |             64 |
|  design_1_i/clk_wiz_0/inst/clk   | design_1_i/mon_module_0/inst/param99[31]_i_1_n_0                                                      |                                                                                                                                   |               25 |             64 |
|  design_1_i/clk_wiz_0/inst/clk   | design_1_i/mon_module_0/inst/param78[31]_i_1_n_0                                                      |                                                                                                                                   |               24 |             64 |
|  design_1_i/clk_wiz_0/inst/clk   | design_1_i/mon_module_0/inst/param86[31]_i_1_n_0                                                      |                                                                                                                                   |               21 |             64 |
|  design_1_i/clk_wiz_0/inst/clk   |                                                                                                       | design_1_i/proc_sys_reset_0/U0/peripheral_reset[0]                                                                                |               17 |             70 |
|  design_1_i/clk_wiz_0/inst/clk   | design_1_i/mon_module_0/inst/bbx_trig_ch_val_old                                                      |                                                                                                                                   |                9 |             88 |
|  design_1_i/clk_wiz_0/inst/clk   | design_1_i/mon_module_0/inst/bbx_val_addr[3][8]_i_1_n_0                                               |                                                                                                                                   |               35 |            160 |
|  design_1_i/clk_wiz_0/inst/clk   | design_1_i/mon_module_0/inst/bbx_val_addr[0][8]_i_1_n_0                                               |                                                                                                                                   |               27 |            160 |
|  design_1_i/clk_wiz_0/inst/clk   | design_1_i/mon_module_0/inst/bbx_val_addr[2][8]_i_1_n_0                                               |                                                                                                                                   |               33 |            160 |
|  design_1_i/clk_wiz_0/inst/clk   | design_1_i/mon_module_0/inst/bbx_val_addr[1][8]_i_1_n_0                                               |                                                                                                                                   |               34 |            160 |
|  design_1_i/clk_wiz_0/inst/clk   |                                                                                                       | design_1_i/RLUb_HIL_ip_0/U0/u_RLUb_HIL_ip_dut_inst/u_RLUb_HIL_ip_src_RLUb_HIL/u_HitermOutputs/u_Counter/Unit_Delay_out1_reg[15]_0 |               20 |            162 |
|  design_1_i/clk_wiz_0/inst/clk   |                                                                                                       | design_1_i/RLUb_HIL_ip_0/U0/u_RLUb_HIL_ip_dut_inst/u_RLUb_HIL_ip_src_RLUb_HIL/u_SignalMUX/AR[0]                                   |               29 |            170 |
|  design_1_i/clk_wiz_0/inst/clk   |                                                                                                       | design_1_i/RLUb_HIL_ip_0/U0/u_RLUb_HIL_ip_dut_inst/u_RLUb_HIL_ip_src_RLUb_HIL/u_AmerOutputs/u_Sigma_Delta/AR[0]                   |               35 |            196 |
|  design_1_i/clk_wiz_0/inst/clk   |                                                                                                       | design_1_i/RLUb_HIL_ip_0/U0/u_RLUb_HIL_ip_dut_inst/u_RLUb_HIL_ip_src_RLUb_HIL/u_SignalMUX/u_AnalogOut/u_UnsignedScale/AR[0]       |               22 |            196 |
|  design_1_i/clk_wiz_0/inst/clk   |                                                                                                       |                                                                                                                                   |              169 |            642 |
+----------------------------------+-------------------------------------------------------------------------------------------------------+-----------------------------------------------------------------------------------------------------------------------------------+------------------+----------------+


